# Estado de main1 — 2025-11-12_2223

## Hardware

| Componente | Detalle |
|---|---|
| Placa base | ASUSTeK COMPUTER INC. PRIME B550M-K (rev Rev X.0x) |
| BIOS | American Megatrends Inc. 3702 (09/04/2024) |
| CPU |                              AMD Ryzen 7 5700G with Radeon Graphics — topología 1×8×2 (16 hilos) |
| RAM/Swap | 14.9 GiB / 15.3 GiB |

**GPU(s):**
```
01:00.0 VGA compatible controller [0300]: NVIDIA Corporation GP106GL [Quadro P2000] [10de:1c30] (rev a1)
0c:00.0 VGA compatible controller [0300]: Advanced Micro Devices, Inc. [AMD/ATI] Cezanne [Radeon Vega Series / Radeon Vega Mobile Series] [1002:1638] (rev c8)
```

**Interfaz(es) de red:**
```
0a:00.0 Ethernet controller [0200]: Realtek Semiconductor Co., Ltd. RTL8111/8168/8211/8411 PCI Express Gigabit Ethernet Controller [10ec:8168] (rev 15)
```

**Discos (modelo/tamaño):**
```
NAME MODEL SERIAL SIZE ROTA TYPE
sda WDC WD40EFPX-68C6CN0 WD-WX92D25D7XCD 3.6T 1 disk
sdb WDC WD40EFPX-68C6CN0 WD-WX32D55A4RPA 3.6T 1 disk
sdc WDC WD40EFPX-68C6CN0 WD-WX32D55A4C49 3.6T 1 disk
sdd WDC WD40EFPX-68C6CN0 WD-WX72D1571DFR 3.6T 1 disk
nvme0n1 KIOXIA-EXCERIA PLUS G3 SSD 7FJKS1MCZ0E7 931.5G 0 disk
```

## Sistema
```
Linux main1 6.12.48+deb13-amd64 #1 SMP PREEMPT_DYNAMIC Debian 6.12.48-1 (2025-09-20) x86_64 GNU/Linux
Debian GNU/Linux 13 (trixie)

Uptime:
up 2 days, 3 hours, 14 minutes
```

## CPU y RAM
```
CPUs: 16
               total        used        free      shared  buff/cache   available
Mem:            14Gi       1.0Gi        12Gi       4.8Mi       2.0Gi        13Gi
Swap:           15Gi          0B        15Gi
```

## Redes (IPv4 depuradas)
```
lo               UNKNOWN        127.0.0.x/8 
enp10s0          UP             192.168.1.x/24 
wg0              UNKNOWN        10.8.0.x/24 
docker0          DOWN           172.17.0.x/16 
```

## Almacenamiento (consolidado)

