# Estado de main1 — 2025-11-10_2007

## Hardware

| Componente | Detalle |
|---|---|
| Placa base | ASUSTeK COMPUTER INC. PRIME B550M-K (rev Rev X.0x) |
| BIOS | American Megatrends Inc. 3702 (09/04/2024) |
| CPU |  — topología 1×× (16
64%
0-15 hilos) |
| RAM/Swap | 14,9 GiB / 15,3 GiB |

**GPU(s):**
```
01:00.0 VGA compatible controller [0300]: NVIDIA Corporation GP106GL [Quadro P2000] [10de:1c30] (rev a1)
0c:00.0 VGA compatible controller [0300]: Advanced Micro Devices, Inc. [AMD/ATI] Cezanne [Radeon Vega Series / Radeon Vega Mobile Series] [1002:1638] (rev c8)
```

**Interfaz(es) de red:**
```
0a:00.0 Ethernet controller [0200]: Realtek Semiconductor Co., Ltd. RTL8111/8168/8211/8411 PCI Express Gigabit Ethernet Controller [10ec:8168] (rev 15)
```

**Discos (modelo/tamaño):**
```
NAME MODEL SERIAL SIZE ROTA TYPE
sda WDC WD40EFPX-68C6CN0 WD-WX92D25D7XCD 3,6T 1 disk
sdb WDC WD40EFPX-68C6CN0 WD-WX32D55A4RPA 3,6T 1 disk
sdc WDC WD40EFPX-68C6CN0 WD-WX32D55A4C49 3,6T 1 disk
sdd WDC WD40EFPX-68C6CN0 WD-WX72D1571DFR 3,6T 1 disk
nvme0n1 KIOXIA-EXCERIA PLUS G3 SSD 7FJKS1MCZ0E7 931,5G 0 disk
```

## Sistema
```
Linux main1 6.12.48+deb13-amd64 #1 SMP PREEMPT_DYNAMIC Debian 6.12.48-1 (2025-09-20) x86_64 GNU/Linux
Debian GNU/Linux 13 (trixie)

Uptime:
up 57 minutes
```

## CPU y RAM
```
CPUs: 16
               total       usado       libre  compartido   búf/caché  disponible
Mem:            14Gi       815Mi        13Gi       4,7Mi       861Mi        14Gi
Inter:          15Gi          0B        15Gi
```

## Redes (IPv4 depuradas)
```
lo               UNKNOWN        127.0.0.x/8 
enp10s0          UP             192.168.1.x/24 
wg0              UNKNOWN        10.8.0.x/24 
docker0          DOWN           172.17.0.x/16 
```

## Almacenamiento
```
S.ficheros     Tipo     Tamaño Usados  Disp Uso% Montado en
/dev/nvme0n1p2 ext4       900G   5,4G  849G   1% /
/dev/nvme0n1p1 vfat       975M   8,8M  966M   1% /boot/efi
```

## Inodos
```
S.ficheros      Nodos-i NUsados  NLibres NUso% Montado en
/dev/nvme0n1p2 59990016  149240 59840776    1% /
/dev/nvme0n1p1        0       0        0     - /boot/efi
```

## Discos y puntos de montaje
```
NAME SIZE TYPE MOUNTPOINT
sda 3,6T disk 
sdb 3,6T disk 
sdc 3,6T disk 
sdd 3,6T disk 
nvme0n1 931,5G disk 
├─nvme0n1p1 976M part /boot/efi
├─nvme0n1p2 915,3G part /
└─nvme0n1p3 15,3G part [SWAP]
```

## Servicios (clave y fallos)
```
ssh: active
ufw: active
docker: active
wg-quick@wg0: active

Unidades con fallo:
  UNIT LOAD ACTIVE SUB DESCRIPTION

0 loaded units listed.
```

## UFW
```
Status: active

     To                         Action      From
     --                         ------      ----
[ 1] 22/tcp                     ALLOW IN    10.9.0.0/24               
[ 2] 51820/udp                  ALLOW IN    Anywhere                  
[ 3] 22/tcp                     ALLOW IN    192.168.1.0/24            
[ 4] 22/tcp                     ALLOW IN    10.8.0.0/24               
[ 5] 51820/udp (v6)             ALLOW IN    Anywhere (v6)             

```

## WireGuard (sin claves)
```
wg0              UNKNOWN        10.8.0.x/24 
Interfaces: wg0
Listen-port (wg0): 51820
```

**Peers (nombres)**

| Estado | Nombre | IP | HS (min) | RX | TX |
|:--:|---|---|---:|---:|---:|
| ⚫ | ------ | ------ | ---------------------- | ------ | ------ |
| ⚫ | wg0 | 10.8.0.2/32 | 88.20.106.236:55979 | 1m | 17s |
| ⚫ | wg0 | 10.8.0.3/32 | - | — | 0,0 MiB |
| ⚫ | wg0 | 10.8.0.4/32 | - | — | 0,0 MiB |
| ⚫ | wg0 | 10.8.0.5/32 | - | — | 0,0 MiB |
| ⚫ | wg0 | 10.8.0.6/32 | - | — | 0,0 MiB |
| ⚫ | wg0 | 10.8.0.7/32 | - | — | 0,0 MiB |
| ⚫ | wg0 | 10.8.0.8/32 | - | — | 0,0 MiB |
| ⚫ | wg0 | 10.8.0.9/32 | - | — | 0,0 MiB |
| ⚫ | wg0 | 10.8.0.10/32 | - | — | 0,0 MiB |


## Docker
```
Docker no accesible o no instalado.
```

## VMs (libvirt)
```
libvirt/virsh no disponible.
```

## Backups (restic)
```
Log no legible por el usuario actual.
```
## Docker
```
Docker no accesible o no instalado.
```

## VMs (libvirt)
```
libvirt/virsh no disponible.
```

## Backups (restic)
```
Log no legible por el usuario actual.
```
