# Estado de main1 — 2025-11-13_0807

## Índice

- [Hardware](#hardware)
- [Sistema](#sistema)
- [CPU y RAM](#cpu-y-ram)
- [Redes (IPv4 depuradas)](#redes-ipv4-depuradas)
- [Almacenamiento](#almacenamiento-consolidado)
- [Servicios](#servicios-clave-y-fallos)
- [UFW](#ufw)
- [WireGuard (sin claves)](#wireguard-sin-claves)
- [Peers WireGuard](#peers-nombres)
- [Docker](#docker)
- [VMs (libvirt)](#vms-libvirt)
- [Backups (restic)](#backups-restic)

## Hardware

| Componente | Detalle |
|---|---|
| Placa base | ASUSTeK COMPUTER INC. PRIME B550M-K (rev Rev X.0x) |
| BIOS | American Megatrends Inc. 3702 (09/04/2024) |
| CPU |                              AMD Ryzen 7 5700G with Radeon Graphics — topología 1×8×2 (16 hilos) |
| RAM/Swap | 14.9 GiB / 15.3 GiB |

**GPU(s):**
```
01:00.0 VGA compatible controller [0300]: NVIDIA Corporation GP106GL [Quadro P2000] [10de:1c30] (rev a1)
0c:00.0 VGA compatible controller [0300]: Advanced Micro Devices, Inc. [AMD/ATI] Cezanne [Radeon Vega Series / Radeon Vega Mobile Series] [1002:1638] (rev c8)
```

**Interfaz(es) de red:**
```
0a:00.0 Ethernet controller [0200]: Realtek Semiconductor Co., Ltd. RTL8111/8168/8211/8411 PCI Express Gigabit Ethernet Controller [10ec:8168] (rev 15)
```

**Discos (modelo/tamaño):**
```
NAME MODEL SERIAL SIZE ROTA TYPE
sda WDC WD40EFPX-68C6CN0 WD-WX92D25D7XCD 3.6T 1 disk
sdb WDC WD40EFPX-68C6CN0 WD-WX32D55A4RPA 3.6T 1 disk
sdc WDC WD40EFPX-68C6CN0 WD-WX32D55A4C49 3.6T 1 disk
sdd WDC WD40EFPX-68C6CN0 WD-WX72D1571DFR 3.6T 1 disk
nvme0n1 KIOXIA-EXCERIA PLUS G3 SSD 7FJKS1MCZ0E7 931.5G 0 disk
```

## Sistema
```
Linux main1 6.12.48+deb13-amd64 #1 SMP PREEMPT_DYNAMIC Debian 6.12.48-1 (2025-09-20) x86_64 GNU/Linux
Debian GNU/Linux 13 (trixie)

Uptime:
up 2 days, 12 hours, 57 minutes
```

## CPU y RAM
```
CPUs: 16
               total        used        free      shared  buff/cache   available
Mem:            14Gi       1.0Gi        12Gi       4.6Mi       2.0Gi        13Gi
Swap:           15Gi          0B        15Gi
```

## Redes (IPv4 depuradas)
```
lo               UNKNOWN        127.0.0.x/8 
enp10s0          UP             192.168.1.x/24 
wg0              UNKNOWN        10.8.0.x/24 
docker0          DOWN           172.17.0.x/16 
```

## Almacenamiento (consolidado)

| Dispositivo | Tipo | FS | Tamaño | Rot | Modelo | Montaje | Usado | Libre | Uso |
|---|---|---|---:|:--:|---|---|---:|---:|---:|
| /dev/sda | disk | — | 3.6T | 1 | WDC | — | — | — | — |
| /dev/sda1 | part | zfs_member | 3.6T | 1 | — | — | — | — | — |
| /dev/sda9 | part | — | 8M | 1 | — | — | — | — | — |
| /dev/sdb | disk | — | 3.6T | 1 | WDC | — | — | — | — |
| /dev/sdb1 | part | zfs_member | 3.6T | 1 | — | — | — | — | — |
| /dev/sdb9 | part | — | 8M | 1 | — | — | — | — | — |
| /dev/sdc | disk | — | 3.6T | 1 | WDC | — | — | — | — |
| /dev/sdc1 | part | zfs_member | 3.6T | 1 | — | — | — | — | — |
| /dev/sdc9 | part | — | 8M | 1 | — | — | — | — | — |
| /dev/sdd | disk | — | 3.6T | 1 | WDC | — | — | — | — |
| /dev/sdd1 | part | zfs_member | 3.6T | 1 | — | — | — | — | — |
| /dev/sdd9 | part | — | 8M | 1 | — | — | — | — | — |
| /dev/nvme0n1 | disk | — | 931.5G | 0 | KIOXIA-EXCERIA | — | — | — | — |
| /dev/nvme0n1p1 | part | vfat | 976M | 0 | — | /boot/efi | 8.8M | 966M | 1% |
| /dev/nvme0n1p2 | part | ext4 | 915.3G | 0 | — | / | 5.8G | 849G | 1% |
| /dev/nvme0n1p3 | part | swap | 15.3G | 0 | — | [SWAP] | — | — | — |

## Servicios (clave y fallos)
```
ssh: active
ufw: active
docker: servicio activo (pero 'docker info' falló)
wg-quick@wg0: active

Unidades con fallo:
  UNIT LOAD ACTIVE SUB DESCRIPTION

0 loaded units listed.
```

## UFW
```
Status: active

     To                         Action      From
     --                         ------      ----
[ 1] 51820/udp                  ALLOW IN    Anywhere                  
[ 2] 22/tcp                     ALLOW IN    192.168.1.0/24            
[ 3] 22/tcp                     ALLOW IN    10.8.0.0/24               
[ 4] 51820/udp (v6)             ALLOW IN    Anywhere (v6)             

```

## WireGuard (sin claves)
```
wg0              UNKNOWN        10.8.0.x/24 
Interfaces: wg0
Listen-port (wg0): 51820

```

**Peers (nombres)**

| Estado | Nombre | IP | HS (min) | RX | TX |
|:--:|---|---|---:|---:|---:|
| ⚫ | wg0 | 10.8.0.2/32 | 720m | 20m | 6.4 MiB |
| ⚫ | wg0 | 10.8.0.3/32 | 480m | 38m | 6.8 MiB |
| ⚫ | wg0 | 10.8.0.4/32 | — | 0.0 MiB | 0.0 MiB |
| ⚫ | wg0 | 10.8.0.5/32 | — | 0.0 MiB | 0.0 MiB |
| ⚫ | wg0 | 10.8.0.6/32 | — | 0.0 MiB | 0.0 MiB |
| ⚫ | wg0 | 10.8.0.7/32 | — | 0.0 MiB | 0.0 MiB |
| ⚫ | wg0 | 10.8.0.8/32 | — | 0.0 MiB | 0.0 MiB |
| ⚫ | wg0 | 10.8.0.9/32 | — | 0.0 MiB | 0.0 MiB |
| ⚫ | wg0 | 10.8.0.10/32 | — | 0.0 MiB | 0.0 MiB |

<details><summary>Salida wg-list-peers</summary>

```
IFACE    NOMBRE               IP                 PUBKEY(16)        ENDPOINT               HS_ago       RX           TX          
------   ------               ------------------ ----------------- ---------------------- ------       ------       ------      
wg0      10.8.0.x/32          10.8.0.x/32        KEZGd3+6dRKm70tt  88.21.49.x:xxxx      12h 20m      6682348      14573516    
wg0      10.8.0.x/32          10.8.0.x/32        7IwcRslG8kfUELjQ  81.60.138.x:xxxx    8h 38m       7113832      5307452     
wg0      10.8.0.x/32          10.8.0.x/32        h1faNjOF62M7uDHY  -                      —          0            0           
wg0      10.8.0.x/32          10.8.0.x/32        bRmKj5NN4N4FWxBG  -                      —          0            0           
wg0      10.8.0.x/32          10.8.0.x/32        BfTojNzP/nhwC0gE  -                      —          0            0           
wg0      10.8.0.x/32          10.8.0.x/32        5CI5XLRqJKoucJ5T  -                      —          0            0           
wg0      10.8.0.x/32          10.8.0.x/32        DigK2nE3jYKSgMni  -                      —          0            0           
wg0      10.8.0.x/32          10.8.0.x/32        J+hmVGjx7vrZgi5u  -                      —          0            0           
wg0      10.8.0.x/32         10.8.0.x/32       bUZ7AfcY8kAjLZ5d  -                      —          0            0           
```

</details>

## Docker
```
Docker no accesible o no instalado.
```

## VMs (libvirt)
```
libvirt/virsh no disponible.
```

## Backups (restic)
```
Log no legible por el usuario actual.
```
