[2025-11-09_15:xxxx:13] snapshot: generado
[2025-11-09_15:xxxx:58] snapshot: generado
[2025-11-09_15:xxxx:00] push: OK
[2025-11-09_15:xxxx:54] snapshot: generado
[2025-11-09_15:xxxx:56] push: OK
[2025-11-09_15:xxxx:10] snapshot: generado
[2025-11-09_15:xxxx:11] push: OK
[2025-11-09_15:xxxx:56] snapshot: generado
[2025-11-09_15:xxxx:57] push: OK
[2025-11-09_15:xxxx:06] snapshot: generado
[2025-11-09_15:xxxx:08] push: OK
[2025-11-09_16:xxxx:02] snapshot: generado
[2025-11-09_16:xxxx:03] push: OK
[2025-11-09_16:xxxx:27] snapshot: generado
[2025-11-09_16:xxxx:29] push: OK
[2025-11-09_16:xxxx:55] snapshot: generado
[2025-11-09_16:xxxx:57] push: OK
[2025-11-09_16:xxxx:55] snapshot: generado
[2025-11-09_16:xxxx:56] push: OK
[2025-11-09_16:xxxx:34] snapshot: generado
[2025-11-09_16:xxxx:36] push: OK
[2025-11-09_16:xxxx:33] snapshot: generado
[2025-11-09_16:xxxx:35] push: OK
[2025-11-09_17:xxxx:02] snapshot: generado
[2025-11-09_17:xxxx:03] push: OK
[2025-11-09_17:xxxx:48] snapshot: generado
[2025-11-09_17:xxxx:48] index: actualizado
[2025-11-09_17:xxxx:48] ABORT: posibles secretos (ver consola)
[2025-11-09_17:xxxx:39] snapshot: generado
[2025-11-09_17:xxxx:39] index: actualizado
[2025-11-09_17:xxxx:39] ABORT: posibles secretos (ver consola)
[2025-11-09_17:xxxx:59] snapshot: generado
[2025-11-09_17:xxxx:59] index: actualizado
[2025-11-09_17:xxxx:01] push: OK
[2025-11-09_17:xxxx:30] snapshot: generado
[2025-11-09_17:xxxx:30] index: actualizado
[2025-11-09_17:xxxx:31] push: OK
[2025-11-09_17:xxxx:40] snapshot: generado
[2025-11-09_17:xxxx:40] housekeeping: OK
[2025-11-09_17:xxxx:40] index: actualizado
[2025-11-09_17:xxxx:42] push: OK
[2025-11-09_18:xxxx:01] snapshot: generado
[2025-11-09_18:xxxx:01] housekeeping: OK
[2025-11-09_18:xxxx:01] index: actualizado
[2025-11-09_18:xxxx:03] push: OK
[2025-11-09_18:xxxx:50] snapshot: generado
[2025-11-09_18:xxxx:50] housekeeping: OK
[2025-11-09_18:xxxx:50] index: actualizado
[2025-11-09_18:xxxx:52] push: OK
[2025-11-09_18:xxxx:51] snapshot: generado
[2025-11-09_18:xxxx:51] housekeeping: OK
[2025-11-09_18:xxxx:51] index: actualizado
[2025-11-09_18:xxxx:52] push: OK
[2025-11-09_18:xxxx:58] snapshot: generado
[2025-11-09_18:xxxx:58] housekeeping: OK
[2025-11-09_18:xxxx:58] index: actualizado
[2025-11-09_18:xxxx:00] push: OK
[2025-11-09_18:xxxx:46] snapshot: generado
[2025-11-09_18:xxxx:46] housekeeping: OK
[2025-11-09_18:xxxx:46] index: actualizado
[2025-11-09_18:xxxx:46] cmds: actualizado
[2025-11-09_18:xxxx:48] push: OK
[2025-11-09_18:xxxx:08] snapshot: generado
[2025-11-09_18:xxxx:08] housekeeping: OK
[2025-11-09_18:xxxx:08] index: actualizado
[2025-11-09_18:xxxx:08] cmds: actualizado
[2025-11-09_18:xxxx:10] push: OK
[2025-11-09_18:xxxx:07] snapshot: generado
[2025-11-09_18:xxxx:07] housekeeping: OK
[2025-11-09_18:xxxx:07] index: actualizado
[2025-11-09_18:xxxx:08] cmds: actualizado
[2025-11-09_18:xxxx:09] push: OK
[2025-11-09_19:xxxx:54] snapshot: generado
[2025-11-09_19:xxxx:54] housekeeping: OK
[2025-11-09_19:xxxx:54] index: actualizado
[2025-11-09_19:xxxx:54] cmds: actualizado
[2025-11-09_19:xxxx:55] push: OK
[2025-11-09_19:xxxx:01] snapshot: generado
[2025-11-09_19:xxxx:01] housekeeping: OK
[2025-11-09_19:xxxx:01] index: actualizado
[2025-11-09_19:xxxx:01] cmds: actualizado
[2025-11-09_19:xxxx:03] push: OK
[2025-11-09_19:xxxx:37] snapshot: generado
[2025-11-09_19:xxxx:37] housekeeping: OK
[2025-11-09_19:xxxx:37] index: actualizado
[2025-11-09_19:xxxx:37] cmds: actualizado
[2025-11-09_19:xxxx:39] push: OK
[2025-11-09_19:xxxx:50] snapshot: generado
[2025-11-09_19:xxxx:50] housekeeping: OK
[2025-11-09_19:xxxx:50] index: actualizado
[2025-11-09_19:xxxx:50] cmds: actualizado
[2025-11-09_19:xxxx:52] push: OK
[2025-11-09_19:xxxx:18] snapshot: generado
[2025-11-09_19:xxxx:18] housekeeping: OK
[2025-11-09_19:xxxx:18] index: actualizado
[2025-11-09_19:xxxx:18] cmds: actualizado
[2025-11-09_19:xxxx:20] push: OK
[2025-11-09_19:xxxx:54] snapshot: generado
[2025-11-09_19:xxxx:54] housekeeping: OK
[2025-11-09_19:xxxx:54] index: actualizado
[2025-11-09_19:xxxx:54] cmds: actualizado
[2025-11-09_19:xxxx:56] push: OK
[2025-11-09_19:xxxx:53] snapshot: generado
[2025-11-09_19:xxxx:53] housekeeping: OK
[2025-11-09_19:xxxx:53] index: actualizado
[2025-11-09_19:xxxx:53] cmds: actualizado
[2025-11-09_19:xxxx:54] push: OK
[2025-11-09_20:xxxx:01] snapshot: generado
[2025-11-09_20:xxxx:01] housekeeping: OK
[2025-11-09_20:xxxx:01] index: actualizado
[2025-11-09_20:xxxx:01] cmds: actualizado
[2025-11-09_20:xxxx:03] push: OK
[2025-11-09_20:xxxx:11] snapshot: generado
[2025-11-09_20:xxxx:11] housekeeping: OK
[2025-11-09_20:xxxx:11] index: actualizado
[2025-11-09_20:xxxx:11] cmds: actualizado
[2025-11-09_20:xxxx:13] push: OK
[2025-11-09_21:xxxx:02] snapshot: generado
[2025-11-09_21:xxxx:02] housekeeping: OK
[2025-11-09_21:xxxx:02] index: actualizado
[2025-11-09_21:xxxx:02] cmds: actualizado
[2025-11-09_21:xxxx:03] push: OK
[2025-11-09_21:xxxx:38] snapshot: generado
[2025-11-09_21:xxxx:38] housekeeping: OK
[2025-11-09_21:xxxx:38] index: actualizado
[2025-11-09_21:xxxx:38] cmds: actualizado
[2025-11-09_21:xxxx:39] push: OK
[2025-11-09_21:xxxx:27] snapshot: generado
[2025-11-09_21:xxxx:27] housekeeping: OK
[2025-11-09_21:xxxx:27] index: actualizado
[2025-11-09_21:xxxx:27] cmds: actualizado
[2025-11-09_21:xxxx:29] push: OK
[2025-11-09_21:xxxx:03] snapshot: generado
[2025-11-09_21:xxxx:03] housekeeping: OK
[2025-11-09_21:xxxx:03] index: actualizado
[2025-11-09_21:xxxx:03] cmds: actualizado
[2025-11-09_21:xxxx:05] push: OK
[2025-11-09_22:xxxx:01] snapshot: generado
[2025-11-09_22:xxxx:01] housekeeping: OK
[2025-11-09_22:xxxx:01] index: actualizado
[2025-11-09_22:xxxx:01] cmds: actualizado
[2025-11-09_22:xxxx:03] push: OK
[2025-11-09_23:xxxx:02] snapshot: generado
[2025-11-09_23:xxxx:02] housekeeping: OK
[2025-11-09_23:xxxx:02] index: actualizado
[2025-11-09_23:xxxx:02] cmds: actualizado
[2025-11-09_23:xxxx:04] push: OK
[2025-11-10_00:xxxx:01] snapshot: generado
[2025-11-10_00:xxxx:02] housekeeping: OK
[2025-11-10_00:xxxx:02] index: actualizado
[2025-11-10_00:xxxx:02] cmds: actualizado
[2025-11-10_00:xxxx:03] push: OK
[2025-11-10_01:xxxx:01] snapshot: generado
[2025-11-10_01:xxxx:01] housekeeping: OK
[2025-11-10_01:xxxx:01] index: actualizado
[2025-11-10_01:xxxx:01] cmds: actualizado
[2025-11-10_01:xxxx:03] push: OK
[2025-11-10_02:xxxx:02] snapshot: generado
[2025-11-10_02:xxxx:02] housekeeping: OK
[2025-11-10_02:xxxx:02] index: actualizado
[2025-11-10_02:xxxx:02] cmds: actualizado
[2025-11-10_02:xxxx:03] push: OK
[2025-11-10_03:xxxx:01] snapshot: generado
[2025-11-10_03:xxxx:01] housekeeping: OK
[2025-11-10_03:xxxx:01] index: actualizado
[2025-11-10_03:xxxx:01] cmds: actualizado
[2025-11-10_03:xxxx:03] push: OK
[2025-11-10_04:xxxx:01] snapshot: generado
[2025-11-10_04:xxxx:01] housekeeping: OK
[2025-11-10_04:xxxx:01] index: actualizado
[2025-11-10_04:xxxx:01] cmds: actualizado
[2025-11-10_04:xxxx:03] push: OK
[2025-11-10_05:xxxx:02] snapshot: generado
[2025-11-10_05:xxxx:02] housekeeping: OK
[2025-11-10_05:xxxx:02] index: actualizado
[2025-11-10_05:xxxx:02] cmds: actualizado
[2025-11-10_05:xxxx:03] push: OK
[2025-11-10_06:xxxx:01] snapshot: generado
[2025-11-10_06:xxxx:01] housekeeping: OK
[2025-11-10_06:xxxx:02] index: actualizado
[2025-11-10_06:xxxx:02] cmds: actualizado
[2025-11-10_06:xxxx:03] push: OK
[2025-11-10_07:xxxx:02] snapshot: generado
[2025-11-10_07:xxxx:02] housekeeping: OK
[2025-11-10_07:xxxx:02] index: actualizado
[2025-11-10_07:xxxx:02] cmds: actualizado
[2025-11-10_07:xxxx:03] push: OK
[2025-11-10_08:xxxx:01] snapshot: generado
[2025-11-10_08:xxxx:01] housekeeping: OK
[2025-11-10_08:xxxx:01] index: actualizado
[2025-11-10_08:xxxx:01] cmds: actualizado
[2025-11-10_08:xxxx:03] push: OK
[2025-11-10_09:xxxx:02] snapshot: generado
[2025-11-10_09:xxxx:02] housekeeping: OK
[2025-11-10_09:xxxx:02] index: actualizado
[2025-11-10_09:xxxx:02] cmds: actualizado
[2025-11-10_09:xxxx:03] push: OK
[2025-11-10_10:xxxx:01] snapshot: generado
[2025-11-10_10:xxxx:01] housekeeping: OK
[2025-11-10_10:xxxx:01] index: actualizado
[2025-11-10_10:xxxx:01] cmds: actualizado
[2025-11-10_10:xxxx:03] push: OK
[2025-11-10_11:xxxx:01] snapshot: generado
[2025-11-10_11:xxxx:01] housekeeping: OK
[2025-11-10_11:xxxx:01] index: actualizado
[2025-11-10_11:xxxx:01] cmds: actualizado
[2025-11-10_11:xxxx:03] push: OK
[2025-11-10_12:xxxx:02] snapshot: generado
[2025-11-10_12:xxxx:02] housekeeping: OK
[2025-11-10_12:xxxx:02] index: actualizado
[2025-11-10_12:xxxx:02] cmds: actualizado
[2025-11-10_12:xxxx:03] push: OK
[2025-11-10_13:xxxx:01] snapshot: generado
[2025-11-10_13:xxxx:01] housekeeping: OK
[2025-11-10_13:xxxx:01] index: actualizado
[2025-11-10_13:xxxx:01] cmds: actualizado
[2025-11-10_13:xxxx:03] push: OK
[2025-11-10_14:xxxx:02] snapshot: generado
[2025-11-10_14:xxxx:02] housekeeping: OK
[2025-11-10_14:xxxx:02] index: actualizado
[2025-11-10_14:xxxx:02] cmds: actualizado
[2025-11-10_14:xxxx:03] push: OK
[2025-11-10_15:xxxx:01] snapshot: generado
[2025-11-10_15:xxxx:01] housekeeping: OK
[2025-11-10_15:xxxx:01] index: actualizado
[2025-11-10_15:xxxx:01] cmds: actualizado
[2025-11-10_15:xxxx:03] push: OK
[2025-11-10_16:xxxx:01] snapshot: generado
[2025-11-10_16:xxxx:01] housekeeping: OK
[2025-11-10_16:xxxx:01] index: actualizado
[2025-11-10_16:xxxx:01] cmds: actualizado
[2025-11-10_16:xxxx:03] push: OK
[2025-11-10_16:xxxx:05] snapshot: generado
[2025-11-10_16:xxxx:05] housekeeping: OK
[2025-11-10_16:xxxx:05] index: actualizado
[2025-11-10_16:xxxx:06] cmds: actualizado
[2025-11-10_16:xxxx:07] push: OK
[2025-11-10_18:xxxx:01] snapshot: generado
[2025-11-10_18:xxxx:01] housekeeping: OK
[2025-11-10_18:xxxx:01] index: actualizado
[2025-11-10_18:xxxx:01] cmds: actualizado
[2025-11-10_18:xxxx:03] push: OK
[2025-11-10_20:xxxx:02] snapshot: generado
[2025-11-10_20:xxxx:02] housekeeping: OK
[2025-11-10_20:xxxx:02] index: actualizado
[2025-11-10_20:xxxx:02] cmds: actualizado
[2025-11-10_20:xxxx:04] push: OK
[2025-11-10_21:xxxx:02] snapshot: generado
[2025-11-10_21:xxxx:02] housekeeping: OK
[2025-11-10_21:xxxx:02] index: actualizado
[2025-11-10_21:xxxx:02] cmds: actualizado
[2025-11-10_21:xxxx:04] push: OK
[2025-11-10_22:xxxx:02] snapshot: generado
[2025-11-10_22:xxxx:02] housekeeping: OK
[2025-11-10_22:xxxx:02] index: actualizado
[2025-11-10_22:xxxx:02] cmds: actualizado
[2025-11-10_22:xxxx:04] push: OK
[2025-11-10_23:xxxx:01] snapshot: generado
[2025-11-10_23:xxxx:01] housekeeping: OK
[2025-11-10_23:xxxx:01] index: actualizado
[2025-11-10_23:xxxx:01] cmds: actualizado
[2025-11-10_23:xxxx:03] push: OK
[2025-11-11_00:xxxx:01] snapshot: generado
[2025-11-11_00:xxxx:01] housekeeping: OK
[2025-11-11_00:xxxx:01] index: actualizado
[2025-11-11_00:xxxx:01] cmds: actualizado
[2025-11-11_00:xxxx:03] push: OK
[2025-11-11_01:xxxx:02] snapshot: generado
[2025-11-11_01:xxxx:02] housekeeping: OK
[2025-11-11_01:xxxx:02] index: actualizado
[2025-11-11_01:xxxx:02] cmds: actualizado
[2025-11-11_01:xxxx:03] push: OK
[2025-11-11_02:xxxx:02] snapshot: generado
[2025-11-11_02:xxxx:02] housekeeping: OK
[2025-11-11_02:xxxx:02] index: actualizado
[2025-11-11_02:xxxx:02] cmds: actualizado
[2025-11-11_02:xxxx:04] push: OK
[2025-11-11_03:xxxx:02] snapshot: generado
[2025-11-11_03:xxxx:02] housekeeping: OK
[2025-11-11_03:xxxx:02] index: actualizado
[2025-11-11_03:xxxx:02] cmds: actualizado
[2025-11-11_03:xxxx:04] push: OK
[2025-11-11_04:xxxx:01] snapshot: generado
[2025-11-11_04:xxxx:01] housekeeping: OK
[2025-11-11_04:xxxx:01] index: actualizado
[2025-11-11_04:xxxx:01] cmds: actualizado
[2025-11-11_04:xxxx:03] push: OK
[2025-11-11_05:xxxx:02] snapshot: generado
[2025-11-11_05:xxxx:02] housekeeping: OK
[2025-11-11_05:xxxx:02] index: actualizado
[2025-11-11_05:xxxx:02] cmds: actualizado
[2025-11-11_05:xxxx:04] push: OK
[2025-11-11_06:xxxx:01] snapshot: generado
[2025-11-11_06:xxxx:01] housekeeping: OK
[2025-11-11_06:xxxx:01] index: actualizado
[2025-11-11_06:xxxx:02] cmds: actualizado
[2025-11-11_06:xxxx:03] push: OK
[2025-11-11_07:xxxx:01] snapshot: generado
[2025-11-11_07:xxxx:01] housekeeping: OK
[2025-11-11_07:xxxx:01] index: actualizado
[2025-11-11_07:xxxx:01] cmds: actualizado
[2025-11-11_07:xxxx:03] push: OK
[2025-11-11_08:xxxx:02] snapshot: generado
[2025-11-11_08:xxxx:02] housekeeping: OK
[2025-11-11_08:xxxx:02] index: actualizado
[2025-11-11_08:xxxx:02] cmds: actualizado
[2025-11-11_08:xxxx:04] push: OK
[2025-11-11_09:xxxx:01] snapshot: generado
[2025-11-11_09:xxxx:01] housekeeping: OK
[2025-11-11_09:xxxx:01] index: actualizado
[2025-11-11_09:xxxx:02] cmds: actualizado
[2025-11-11_09:xxxx:03] push: OK
[2025-11-11_10:xxxx:02] snapshot: generado
[2025-11-11_10:xxxx:02] housekeeping: OK
[2025-11-11_10:xxxx:02] index: actualizado
[2025-11-11_10:xxxx:02] cmds: actualizado
[2025-11-11_10:xxxx:04] push: OK
[2025-11-11_11:xxxx:01] snapshot: generado
[2025-11-11_11:xxxx:01] housekeeping: OK
[2025-11-11_11:xxxx:01] index: actualizado
[2025-11-11_11:xxxx:02] cmds: actualizado
[2025-11-11_11:xxxx:03] push: OK
[2025-11-11_12:xxxx:02] snapshot: generado
[2025-11-11_12:xxxx:02] housekeeping: OK
[2025-11-11_12:xxxx:02] index: actualizado
[2025-11-11_12:xxxx:02] cmds: actualizado
[2025-11-11_12:xxxx:04] push: OK
[2025-11-11_13:xxxx:01] snapshot: generado
[2025-11-11_13:xxxx:01] housekeeping: OK
[2025-11-11_13:xxxx:01] index: actualizado
[2025-11-11_13:xxxx:01] cmds: actualizado
[2025-11-11_13:xxxx:03] push: OK
[2025-11-11_14:xxxx:02] snapshot: generado
[2025-11-11_14:xxxx:02] housekeeping: OK
[2025-11-11_14:xxxx:02] index: actualizado
[2025-11-11_14:xxxx:02] cmds: actualizado
[2025-11-11_14:xxxx:04] push: OK
[2025-11-11_15:xxxx:02] snapshot: generado
[2025-11-11_15:xxxx:02] housekeeping: OK
[2025-11-11_15:xxxx:02] index: actualizado
[2025-11-11_15:xxxx:02] cmds: actualizado
[2025-11-11_15:xxxx:04] push: OK
[2025-11-11_16:xxxx:01] snapshot: generado
[2025-11-11_16:xxxx:01] housekeeping: OK
[2025-11-11_16:xxxx:01] index: actualizado
[2025-11-11_16:xxxx:01] cmds: actualizado
[2025-11-11_16:xxxx:03] push: OK
[2025-11-11_17:xxxx:01] snapshot: generado
[2025-11-11_17:xxxx:01] housekeeping: OK
[2025-11-11_17:xxxx:01] index: actualizado
[2025-11-11_17:xxxx:01] cmds: actualizado
[2025-11-11_17:xxxx:03] push: OK
[2025-11-11_18:xxxx:02] snapshot: generado
[2025-11-11_18:xxxx:02] housekeeping: OK
[2025-11-11_18:xxxx:02] index: actualizado
[2025-11-11_18:xxxx:02] cmds: actualizado
[2025-11-11_18:xxxx:04] push: OK
[2025-11-11_19:xxxx:01] snapshot: generado
[2025-11-11_19:xxxx:01] housekeeping: OK
[2025-11-11_19:xxxx:01] index: actualizado
[2025-11-11_19:xxxx:02] cmds: actualizado
[2025-11-11_19:xxxx:03] push: OK
[2025-11-11_20:xxxx:02] snapshot: generado
[2025-11-11_20:xxxx:02] housekeeping: OK
[2025-11-11_20:xxxx:02] index: actualizado
[2025-11-11_20:xxxx:02] cmds: actualizado
[2025-11-11_20:xxxx:04] push: OK
[2025-11-11_21:xxxx:01] snapshot: generado
[2025-11-11_21:xxxx:01] housekeeping: OK
[2025-11-11_21:xxxx:01] index: actualizado
[2025-11-11_21:xxxx:01] cmds: actualizado
[2025-11-11_21:xxxx:03] push: OK
[2025-11-11_22:xxxx:02] snapshot: generado
[2025-11-11_22:xxxx:02] housekeeping: OK
[2025-11-11_22:xxxx:02] index: actualizado
[2025-11-11_22:xxxx:02] cmds: actualizado
[2025-11-11_22:xxxx:04] push: OK
[2025-11-11_23:xxxx:01] snapshot: generado
[2025-11-11_23:xxxx:01] housekeeping: OK
[2025-11-11_23:xxxx:01] index: actualizado
[2025-11-11_23:xxxx:01] cmds: actualizado
[2025-11-11_23:xxxx:03] push: OK
[2025-11-12_00:xxxx:02] snapshot: generado
[2025-11-12_00:xxxx:02] housekeeping: OK
[2025-11-12_00:xxxx:02] index: actualizado
[2025-11-12_00:xxxx:02] cmds: actualizado
[2025-11-12_00:xxxx:03] push: OK
[2025-11-12_00:xxxx:49] snapshot: generado
[2025-11-12_00:xxxx:49] housekeeping: OK
[2025-11-12_00:xxxx:49] index: actualizado
[2025-11-12_00:xxxx:49] cmds: actualizado
[2025-11-12_00:xxxx:51] push: OK
[2025-11-12_00:xxxx:34] snapshot: generado
[2025-11-12_00:xxxx:34] housekeeping: OK
[2025-11-12_00:xxxx:34] index: actualizado
[2025-11-12_00:xxxx:34] cmds: actualizado
[2025-11-12_00:xxxx:36] push: OK
[2025-11-12_00:xxxx:47] snapshot: generado
[2025-11-12_00:xxxx:47] housekeeping: OK
[2025-11-12_00:xxxx:47] index: actualizado
[2025-11-12_00:xxxx:47] cmds: actualizado
[2025-11-12_00:xxxx:49] push: OK
[2025-11-12_00:xxxx:57] snapshot: generado
[2025-11-12_00:xxxx:57] housekeeping: OK
[2025-11-12_00:xxxx:57] index: actualizado
[2025-11-12_00:xxxx:57] cmds: actualizado
[2025-11-12_00:xxxx:59] push: OK
[2025-11-12_01:xxxx:01] snapshot: generado
[2025-11-12_01:xxxx:01] housekeeping: OK
[2025-11-12_01:xxxx:01] index: actualizado
[2025-11-12_01:xxxx:01] cmds: actualizado
[2025-11-12_01:xxxx:03] push: OK
[2025-11-12_02:xxxx:01] snapshot: generado
[2025-11-12_02:xxxx:01] housekeeping: OK
[2025-11-12_02:xxxx:01] index: actualizado
[2025-11-12_02:xxxx:01] cmds: actualizado
[2025-11-12_02:xxxx:03] push: OK
[2025-11-12_03:xxxx:02] snapshot: generado
[2025-11-12_03:xxxx:02] housekeeping: OK
[2025-11-12_03:xxxx:02] index: actualizado
[2025-11-12_03:xxxx:02] cmds: actualizado
[2025-11-12_03:xxxx:04] push: OK
[2025-11-12_04:xxxx:02] snapshot: generado
[2025-11-12_04:xxxx:02] housekeeping: OK
[2025-11-12_04:xxxx:02] index: actualizado
[2025-11-12_04:xxxx:02] cmds: actualizado
[2025-11-12_04:xxxx:03] push: OK
[2025-11-12_05:xxxx:01] snapshot: generado
[2025-11-12_05:xxxx:01] housekeeping: OK
[2025-11-12_05:xxxx:01] index: actualizado
[2025-11-12_05:xxxx:01] cmds: actualizado
[2025-11-12_05:xxxx:03] push: OK
[2025-11-12_06:xxxx:01] snapshot: generado
[2025-11-12_06:xxxx:01] housekeeping: OK
[2025-11-12_06:xxxx:01] index: actualizado
[2025-11-12_06:xxxx:01] cmds: actualizado
[2025-11-12_06:xxxx:03] push: OK
[2025-11-12_07:xxxx:02] snapshot: generado
[2025-11-12_07:xxxx:02] housekeeping: OK
[2025-11-12_07:xxxx:02] index: actualizado
[2025-11-12_07:xxxx:02] cmds: actualizado
[2025-11-12_07:xxxx:04] push: OK
[2025-11-12_08:xxxx:01] snapshot: generado
[2025-11-12_08:xxxx:01] housekeeping: OK
[2025-11-12_08:xxxx:01] index: actualizado
[2025-11-12_08:xxxx:02] cmds: actualizado
[2025-11-12_08:xxxx:03] push: OK
[2025-11-12_09:xxxx:01] snapshot: generado
[2025-11-12_09:xxxx:01] housekeeping: OK
[2025-11-12_09:xxxx:01] index: actualizado
[2025-11-12_09:xxxx:01] cmds: actualizado
[2025-11-12_09:xxxx:03] push: OK
[2025-11-12_10:xxxx:01] snapshot: generado
[2025-11-12_10:xxxx:01] housekeeping: OK
[2025-11-12_10:xxxx:01] index: actualizado
[2025-11-12_10:xxxx:01] cmds: actualizado
[2025-11-12_10:xxxx:03] push: OK
[2025-11-12_11:xxxx:02] snapshot: generado
[2025-11-12_11:xxxx:02] housekeeping: OK
[2025-11-12_11:xxxx:02] index: actualizado
[2025-11-12_11:xxxx:02] cmds: actualizado
[2025-11-12_11:xxxx:03] push: OK
[2025-11-12_12:xxxx:01] snapshot: generado
[2025-11-12_12:xxxx:01] housekeeping: OK
[2025-11-12_12:xxxx:01] index: actualizado
[2025-11-12_12:xxxx:01] cmds: actualizado
[2025-11-12_12:xxxx:03] push: OK
[2025-11-12_13:xxxx:01] snapshot: generado
[2025-11-12_13:xxxx:01] housekeeping: OK
[2025-11-12_13:xxxx:01] index: actualizado
[2025-11-12_13:xxxx:01] cmds: actualizado
[2025-11-12_13:xxxx:03] push: OK
[2025-11-12_14:xxxx:01] snapshot: generado
[2025-11-12_14:xxxx:01] housekeeping: OK
[2025-11-12_14:xxxx:01] index: actualizado
[2025-11-12_14:xxxx:01] cmds: actualizado
[2025-11-12_14:xxxx:04] push: OK
[2025-11-12_15:xxxx:02] snapshot: generado
[2025-11-12_15:xxxx:02] housekeeping: OK
[2025-11-12_15:xxxx:02] index: actualizado
[2025-11-12_15:xxxx:02] cmds: actualizado
[2025-11-12_15:xxxx:04] push: OK
[2025-11-12_16:xxxx:02] snapshot: generado
[2025-11-12_16:xxxx:02] housekeeping: OK
[2025-11-12_16:xxxx:02] index: actualizado
[2025-11-12_16:xxxx:02] cmds: actualizado
[2025-11-12_16:xxxx:04] push: OK
[2025-11-12_17:xxxx:01] snapshot: generado
[2025-11-12_17:xxxx:01] housekeeping: OK
[2025-11-12_17:xxxx:01] index: actualizado
[2025-11-12_17:xxxx:02] cmds: actualizado
[2025-11-12_17:xxxx:03] push: OK
[2025-11-12_18:xxxx:01] snapshot: generado
[2025-11-12_18:xxxx:01] housekeeping: OK
[2025-11-12_18:xxxx:01] index: actualizado
[2025-11-12_18:xxxx:01] cmds: actualizado
[2025-11-12_18:xxxx:03] push: OK
[2025-11-12_19:xxxx:01] snapshot: generado
[2025-11-12_19:xxxx:01] housekeeping: OK
[2025-11-12_19:xxxx:01] index: actualizado
[2025-11-12_19:xxxx:01] cmds: actualizado
[2025-11-12_19:xxxx:03] push: OK
[2025-11-12_20:xxxx:02] snapshot: generado
[2025-11-12_20:xxxx:02] housekeeping: OK
[2025-11-12_20:xxxx:02] index: actualizado
[2025-11-12_20:xxxx:02] cmds: actualizado
[2025-11-12_20:xxxx:04] push: OK
[2025-11-12_21:xxxx:02] snapshot: generado
[2025-11-12_21:xxxx:02] housekeeping: OK
[2025-11-12_21:xxxx:02] index: actualizado
[2025-11-12_21:xxxx:02] cmds: actualizado
[2025-11-12_21:xxxx:03] push: OK
[2025-11-12_22:xxxx:02] snapshot: generado
[2025-11-12_22:xxxx:02] housekeeping: OK
[2025-11-12_22:xxxx:02] index: actualizado
[2025-11-12_22:xxxx:02] cmds: actualizado
[2025-11-12_22:xxxx:03] push: OK
[2025-11-12_22:xxxx:40] snapshot: generado
[2025-11-12_22:xxxx:40] housekeeping: OK
[2025-11-12_22:xxxx:40] index: actualizado
[2025-11-12_22:xxxx:41] cmds: actualizado
[2025-11-12_22:xxxx:42] push: OK
[2025-11-12_22:xxxx:22] snapshot: generado
[2025-11-12_22:xxxx:22] housekeeping: OK
[2025-11-12_22:xxxx:23] index: actualizado
[2025-11-12_22:xxxx:23] cmds: actualizado
[2025-11-12_22:xxxx:24] push: OK
[2025-11-12_23:xxxx:01] snapshot: generado
[2025-11-12_23:xxxx:01] housekeeping: OK
[2025-11-12_23:xxxx:01] index: actualizado
[2025-11-12_23:xxxx:01] cmds: actualizado
[2025-11-12_23:xxxx:03] push: OK
[2025-11-12_23:xxxx:12] snapshot: generado
[2025-11-12_23:xxxx:12] housekeeping: OK
[2025-11-12_23:xxxx:13] index: actualizado
[2025-11-12_23:xxxx:13] cmds: actualizado
[2025-11-12_23:xxxx:14] push: OK
[2025-11-13_19:xxxx:50] snapshot: generado
[2025-11-13_19:xxxx:50] housekeeping: OK
[2025-11-13_19:xxxx:50] index: actualizado
[2025-11-13_19:xxxx:50] cmds: actualizado
[2025-11-13_19:xxxx:52] push: OK
[2025-11-13_19:xxxx:59] snapshot: generado
[2025-11-13_19:xxxx:59] housekeeping: OK
[2025-11-13_19:xxxx:59] index: actualizado
[2025-11-13_19:xxxx:00] cmds: actualizado
[2025-11-13_19:xxxx:01] push: OK
[2025-11-13_20:xxxx:01] snapshot: generado
[2025-11-13_20:xxxx:01] housekeeping: OK
[2025-11-13_20:xxxx:01] index: actualizado
[2025-11-13_20:xxxx:01] cmds: actualizado
[2025-11-13_20:xxxx:03] push: OK
[2025-11-13_20:xxxx:01] snapshot: generado
[2025-11-13_20:xxxx:01] housekeeping: OK
[2025-11-13_20:xxxx:01] index: actualizado
[2025-11-13_20:xxxx:02] cmds: actualizado
[2025-11-13_20:xxxx:03] push: OK
[2025-11-13_21:xxxx:01] snapshot: generado
[2025-11-13_21:xxxx:01] housekeeping: OK
[2025-11-13_21:xxxx:01] index: actualizado
[2025-11-13_21:xxxx:01] cmds: actualizado
[2025-11-13_21:xxxx:03] push: OK
[2025-11-13_21:xxxx:57] snapshot: generado
[2025-11-13_21:xxxx:57] housekeeping: OK
[2025-11-13_21:xxxx:57] index: actualizado
[2025-11-13_21:xxxx:57] cmds: actualizado
[2025-11-13_21:xxxx:59] push: OK
[2025-11-13_21:xxxx:06] snapshot: generado
[2025-11-13_21:xxxx:06] housekeeping: OK
[2025-11-13_21:xxxx:06] index: actualizado
[2025-11-13_21:xxxx:06] cmds: actualizado
[2025-11-13_21:xxxx:07] push: OK
[2025-11-13_21:xxxx:50] snapshot: generado
[2025-11-13_21:xxxx:50] housekeeping: OK
[2025-11-13_21:xxxx:50] index: actualizado
[2025-11-13_21:xxxx:50] cmds: actualizado
[2025-11-13_21:xxxx:52] push: OK
[2025-11-13_21:xxxx:39] snapshot: generado
[2025-11-13_21:xxxx:39] housekeeping: OK
[2025-11-13_21:xxxx:39] index: actualizado
[2025-11-13_21:xxxx:39] cmds: actualizado
[2025-11-13_21:xxxx:40] push: OK
[2025-11-13_23:xxxx:47] snapshot: generado
[2025-11-13_23:xxxx:47] housekeeping: OK
[2025-11-13_23:xxxx:47] index: actualizado
[2025-11-13_23:xxxx:47] cmds: actualizado
[2025-11-13_23:xxxx:49] push: OK
[2025-11-14_18:xxxx:23] snapshot: generado
[2025-11-14_18:xxxx:23] housekeeping: OK
[2025-11-14_18:xxxx:23] index: actualizado
[2025-11-14_18:xxxx:23] cmds: actualizado
[2025-11-14_18:xxxx:25] push: OK
[2025-11-14_18:xxxx:51] snapshot: generado
[2025-11-14_18:xxxx:51] housekeeping: OK
[2025-11-14_18:xxxx:51] index: actualizado
[2025-11-14_18:xxxx:51] cmds: actualizado
[2025-11-14_18:xxxx:52] push: OK
[2025-11-14_19:xxxx:02] snapshot: generado
[2025-11-14_19:xxxx:02] housekeeping: OK
[2025-11-14_19:xxxx:02] index: actualizado
[2025-11-14_19:xxxx:02] cmds: actualizado
[2025-11-14_19:xxxx:04] push: OK
[2025-11-14_20:xxxx:02] snapshot: generado
[2025-11-14_20:xxxx:02] housekeeping: OK
[2025-11-14_20:xxxx:02] index: actualizado
[2025-11-14_20:xxxx:02] cmds: actualizado
[2025-11-14_20:xxxx:03] push: OK
[2025-11-14_21:xxxx:01] snapshot: generado
[2025-11-14_21:xxxx:01] housekeeping: OK
[2025-11-14_21:xxxx:01] index: actualizado
[2025-11-14_21:xxxx:01] cmds: actualizado
[2025-11-14_21:xxxx:03] push: OK
[2025-11-14_22:xxxx:02] snapshot: generado
[2025-11-14_22:xxxx:02] housekeeping: OK
[2025-11-14_22:xxxx:02] index: actualizado
[2025-11-14_22:xxxx:02] cmds: actualizado
[2025-11-14_22:xxxx:04] push: OK
[2025-11-14_23:xxxx:02] snapshot: generado
[2025-11-14_23:xxxx:02] housekeeping: OK
[2025-11-14_23:xxxx:02] index: actualizado
[2025-11-14_23:xxxx:02] cmds: actualizado
[2025-11-14_23:xxxx:03] push: OK
[2025-11-15_00:xxxx:01] snapshot: generado
[2025-11-15_00:xxxx:01] housekeeping: OK
[2025-11-15_00:xxxx:01] index: actualizado
[2025-11-15_00:xxxx:02] cmds: actualizado
[2025-11-15_00:xxxx:03] push: OK
[2025-11-15_01:xxxx:01] snapshot: generado
[2025-11-15_01:xxxx:01] housekeeping: OK
[2025-11-15_01:xxxx:01] index: actualizado
[2025-11-15_01:xxxx:02] cmds: actualizado
[2025-11-15_01:xxxx:03] push: OK
[2025-11-15_01:xxxx:44] snapshot: generado
[2025-11-15_01:xxxx:44] housekeeping: OK
[2025-11-15_01:xxxx:44] index: actualizado
[2025-11-15_01:xxxx:44] cmds: actualizado
[2025-11-15_01:xxxx:46] push: OK
[2025-11-15_02:xxxx:02] snapshot: generado
[2025-11-15_02:xxxx:02] housekeeping: OK
[2025-11-15_02:xxxx:02] index: actualizado
[2025-11-15_02:xxxx:02] cmds: actualizado
[2025-11-15_02:xxxx:03] push: OK
[2025-11-15_03:xxxx:02] snapshot: generado
[2025-11-15_03:xxxx:02] housekeeping: OK
[2025-11-15_03:xxxx:02] index: actualizado
[2025-11-15_03:xxxx:02] cmds: actualizado
[2025-11-15_03:xxxx:04] push: OK
[2025-11-15_04:xxxx:02] snapshot: generado
[2025-11-15_04:xxxx:02] housekeeping: OK
[2025-11-15_04:xxxx:02] index: actualizado
[2025-11-15_04:xxxx:02] cmds: actualizado
[2025-11-15_04:xxxx:04] push: OK
[2025-11-15_05:xxxx:02] snapshot: generado
[2025-11-15_05:xxxx:02] housekeeping: OK
[2025-11-15_05:xxxx:02] index: actualizado
[2025-11-15_05:xxxx:02] cmds: actualizado
[2025-11-15_05:xxxx:04] push: OK
[2025-11-15_06:xxxx:01] snapshot: generado
[2025-11-15_06:xxxx:01] housekeeping: OK
[2025-11-15_06:xxxx:01] index: actualizado
[2025-11-15_06:xxxx:01] cmds: actualizado
[2025-11-15_06:xxxx:03] push: OK
[2025-11-15_07:xxxx:01] snapshot: generado
[2025-11-15_07:xxxx:01] housekeeping: OK
[2025-11-15_07:xxxx:01] index: actualizado
[2025-11-15_07:xxxx:01] cmds: actualizado
[2025-11-15_07:xxxx:03] push: OK
[2025-11-15_08:xxxx:01] snapshot: generado
[2025-11-15_08:xxxx:01] housekeeping: OK
[2025-11-15_08:xxxx:01] index: actualizado
[2025-11-15_08:xxxx:01] cmds: actualizado
[2025-11-15_08:xxxx:03] push: OK
[2025-11-15_09:xxxx:01] snapshot: generado
[2025-11-15_09:xxxx:01] housekeeping: OK
[2025-11-15_09:xxxx:01] index: actualizado
[2025-11-15_09:xxxx:01] cmds: actualizado
[2025-11-15_09:xxxx:03] push: OK
[2025-11-15_10:xxxx:01] snapshot: generado
[2025-11-15_10:xxxx:01] housekeeping: OK
[2025-11-15_10:xxxx:01] index: actualizado
[2025-11-15_10:xxxx:02] cmds: actualizado
[2025-11-15_10:xxxx:03] push: OK
[2025-11-15_11:xxxx:02] snapshot: generado
[2025-11-15_11:xxxx:02] housekeeping: OK
[2025-11-15_11:xxxx:02] index: actualizado
[2025-11-15_11:xxxx:02] cmds: actualizado
[2025-11-15_11:xxxx:04] push: OK
[2025-11-15_12:xxxx:02] snapshot: generado
[2025-11-15_12:xxxx:02] housekeeping: OK
[2025-11-15_12:xxxx:02] index: actualizado
[2025-11-15_12:xxxx:02] cmds: actualizado
[2025-11-15_12:xxxx:04] push: OK
[2025-11-15_12:xxxx:17] snapshot: generado
[2025-11-15_12:xxxx:17] housekeeping: OK
[2025-11-15_12:xxxx:17] index: actualizado
[2025-11-15_12:xxxx:17] cmds: actualizado
[2025-11-15_12:xxxx:19] push: OK
[2025-11-15_12:xxxx:03] snapshot: generado
[2025-11-15_12:xxxx:03] housekeeping: OK
[2025-11-15_12:xxxx:03] index: actualizado
[2025-11-15_12:xxxx:04] cmds: actualizado
[2025-11-15_12:xxxx:05] push: OK
[2025-11-15_12:xxxx:19] snapshot: generado
[2025-11-15_12:xxxx:19] housekeeping: OK
[2025-11-15_12:xxxx:19] index: actualizado
[2025-11-15_12:xxxx:19] cmds: actualizado
[2025-11-15_12:xxxx:21] push: OK
[2025-11-15_13:xxxx:02] snapshot: generado
[2025-11-15_13:xxxx:02] housekeeping: OK
[2025-11-15_13:xxxx:02] index: actualizado
[2025-11-15_13:xxxx:02] cmds: actualizado
[2025-11-15_13:xxxx:04] push: OK
[2025-11-15_13:xxxx:43] snapshot: generado
[2025-11-15_13:xxxx:43] housekeeping: OK
[2025-11-15_13:xxxx:43] index: actualizado
[2025-11-15_13:xxxx:43] cmds: actualizado
[2025-11-15_13:xxxx:45] push: OK
[2025-11-15_14:xxxx:40] snapshot: generado
[2025-11-15_14:xxxx:40] housekeeping: OK
[2025-11-15_14:xxxx:40] index: actualizado
[2025-11-15_14:xxxx:40] cmds: actualizado
[2025-11-15_14:xxxx:41] push: OK
[2025-11-15_14:xxxx:01] snapshot: generado
[2025-11-15_14:xxxx:01] housekeeping: OK
[2025-11-15_14:xxxx:01] index: actualizado
[2025-11-15_14:xxxx:01] cmds: actualizado
[2025-11-15_14:xxxx:03] push: OK
[2025-11-15_15:xxxx:02] snapshot: generado
[2025-11-15_15:xxxx:02] housekeeping: OK
[2025-11-15_15:xxxx:02] index: actualizado
[2025-11-15_15:xxxx:02] cmds: actualizado
[2025-11-15_15:xxxx:03] push: OK
[2025-11-15_16:xxxx:02] snapshot: generado
[2025-11-15_16:xxxx:02] housekeeping: OK
[2025-11-15_16:xxxx:02] index: actualizado
[2025-11-15_16:xxxx:02] cmds: actualizado
[2025-11-15_16:xxxx:04] push: OK
[2025-11-15_17:xxxx:02] snapshot: generado
[2025-11-15_17:xxxx:02] housekeeping: OK
[2025-11-15_17:xxxx:02] index: actualizado
[2025-11-15_17:xxxx:02] cmds: actualizado
[2025-11-15_17:xxxx:04] push: OK
[2025-11-15_18:xxxx:01] snapshot: generado
[2025-11-15_18:xxxx:01] housekeeping: OK
[2025-11-15_18:xxxx:01] index: actualizado
[2025-11-15_18:xxxx:01] cmds: actualizado
[2025-11-15_18:xxxx:03] push: OK
[2025-11-15_19:xxxx:01] snapshot: generado
[2025-11-15_19:xxxx:01] housekeeping: OK
[2025-11-15_19:xxxx:01] index: actualizado
[2025-11-15_19:xxxx:01] cmds: actualizado
[2025-11-15_19:xxxx:03] push: OK
[2025-11-15_20:xxxx:02] snapshot: generado
[2025-11-15_20:xxxx:02] housekeeping: OK
[2025-11-15_20:xxxx:02] index: actualizado
[2025-11-15_20:xxxx:02] cmds: actualizado
[2025-11-15_20:xxxx:04] push: OK
[2025-11-15_21:xxxx:02] snapshot: generado
[2025-11-15_21:xxxx:02] housekeeping: OK
[2025-11-15_21:xxxx:02] index: actualizado
[2025-11-15_21:xxxx:02] cmds: actualizado
[2025-11-15_21:xxxx:04] push: OK
[2025-11-15_22:xxxx:01] snapshot: generado
[2025-11-15_22:xxxx:01] housekeeping: OK
[2025-11-15_22:xxxx:01] index: actualizado
[2025-11-15_22:xxxx:01] cmds: actualizado
[2025-11-15_22:xxxx:03] push: OK
[2025-11-15_23:xxxx:01] snapshot: generado
[2025-11-15_23:xxxx:01] housekeeping: OK
[2025-11-15_23:xxxx:01] index: actualizado
[2025-11-15_23:xxxx:02] cmds: actualizado
[2025-11-15_23:xxxx:03] push: OK
[2025-11-16_00:xxxx:02] snapshot: generado
[2025-11-16_00:xxxx:02] housekeeping: OK
[2025-11-16_00:xxxx:02] index: actualizado
[2025-11-16_00:xxxx:02] cmds: actualizado
[2025-11-16_00:xxxx:04] push: OK
[2025-11-16_01:xxxx:02] snapshot: generado
[2025-11-16_01:xxxx:02] housekeeping: OK
[2025-11-16_01:xxxx:02] index: actualizado
[2025-11-16_01:xxxx:02] cmds: actualizado
[2025-11-16_01:xxxx:04] push: OK
[2025-11-16_02:xxxx:01] snapshot: generado
[2025-11-16_02:xxxx:01] housekeeping: OK
[2025-11-16_02:xxxx:01] index: actualizado
[2025-11-16_02:xxxx:01] cmds: actualizado
[2025-11-16_02:xxxx:03] push: OK
[2025-11-16_03:xxxx:01] snapshot: generado
[2025-11-16_03:xxxx:02] housekeeping: OK
[2025-11-16_03:xxxx:02] index: actualizado
[2025-11-16_03:xxxx:02] cmds: actualizado
[2025-11-16_03:xxxx:03] push: OK
[2025-11-16_03:xxxx:02] snapshot: generado
[2025-11-16_03:xxxx:02] housekeeping: OK
[2025-11-16_03:xxxx:02] index: actualizado
[2025-11-16_03:xxxx:02] cmds: actualizado
[2025-11-16_17:xxxx:34] snapshot: generado
[2025-11-16_17:xxxx:34] housekeeping: OK
[2025-11-16_17:xxxx:34] index: actualizado
[2025-11-16_17:xxxx:34] cmds: actualizado
[2025-11-16_17:xxxx:36] push: OK
[2025-11-16_18:xxxx:01] snapshot: generado
[2025-11-16_18:xxxx:01] housekeeping: OK
[2025-11-16_18:xxxx:01] index: actualizado
[2025-11-16_18:xxxx:02] cmds: actualizado
[2025-11-16_18:xxxx:03] push: OK
[2025-11-16_19:xxxx:01] snapshot: generado
[2025-11-16_19:xxxx:01] housekeeping: OK
[2025-11-16_19:xxxx:01] index: actualizado
[2025-11-16_19:xxxx:01] cmds: actualizado
[2025-11-16_19:xxxx:03] push: OK
[2025-11-16_20:xxxx:01] snapshot: generado
[2025-11-16_20:xxxx:01] housekeeping: OK
[2025-11-16_20:xxxx:01] index: actualizado
[2025-11-16_20:xxxx:02] cmds: actualizado
[2025-11-16_20:xxxx:03] push: OK
[2025-11-16_21:xxxx:01] snapshot: generado
[2025-11-16_21:xxxx:01] housekeeping: OK
[2025-11-16_21:xxxx:01] index: actualizado
[2025-11-16_21:xxxx:01] cmds: actualizado
[2025-11-16_21:xxxx:03] push: OK
[2025-11-16_22:xxxx:01] snapshot: generado
[2025-11-16_22:xxxx:01] housekeeping: OK
[2025-11-16_22:xxxx:02] index: actualizado
[2025-11-16_22:xxxx:02] cmds: actualizado
[2025-11-16_22:xxxx:03] push: OK
[2025-11-16_23:xxxx:02] snapshot: generado
[2025-11-16_23:xxxx:02] housekeeping: OK
[2025-11-16_23:xxxx:02] index: actualizado
[2025-11-16_23:xxxx:02] cmds: actualizado
[2025-11-16_23:xxxx:04] push: OK
[2025-11-17_00:xxxx:01] snapshot: generado
[2025-11-17_00:xxxx:01] housekeeping: OK
[2025-11-17_00:xxxx:01] index: actualizado
[2025-11-17_00:xxxx:01] cmds: actualizado
[2025-11-17_00:xxxx:03] push: OK
[2025-11-17_01:xxxx:02] snapshot: generado
[2025-11-17_01:xxxx:02] housekeeping: OK
[2025-11-17_01:xxxx:02] index: actualizado
[2025-11-17_01:xxxx:02] cmds: actualizado
[2025-11-17_01:xxxx:03] push: OK
[2025-11-17_02:xxxx:02] snapshot: generado
[2025-11-17_02:xxxx:02] housekeeping: OK
[2025-11-17_02:xxxx:02] index: actualizado
[2025-11-17_02:xxxx:02] cmds: actualizado
[2025-11-17_02:xxxx:04] push: OK
[2025-11-17_03:xxxx:02] snapshot: generado
[2025-11-17_03:xxxx:02] housekeeping: OK
[2025-11-17_03:xxxx:02] index: actualizado
[2025-11-17_03:xxxx:02] cmds: actualizado
[2025-11-17_03:xxxx:03] push: OK
[2025-11-17_04:xxxx:01] snapshot: generado
[2025-11-17_04:xxxx:01] housekeeping: OK
[2025-11-17_04:xxxx:01] index: actualizado
[2025-11-17_04:xxxx:01] cmds: actualizado
[2025-11-17_04:xxxx:03] push: OK
[2025-11-17_05:xxxx:02] snapshot: generado
[2025-11-17_05:xxxx:02] housekeeping: OK
[2025-11-17_05:xxxx:02] index: actualizado
[2025-11-17_05:xxxx:02] cmds: actualizado
[2025-11-17_05:xxxx:04] push: OK
[2025-11-17_06:xxxx:02] snapshot: generado
[2025-11-17_06:xxxx:02] housekeeping: OK
[2025-11-17_06:xxxx:02] index: actualizado
[2025-11-17_06:xxxx:02] cmds: actualizado
[2025-11-17_06:xxxx:04] push: OK
[2025-11-17_07:xxxx:01] snapshot: generado
[2025-11-17_07:xxxx:01] housekeeping: OK
[2025-11-17_07:xxxx:01] index: actualizado
[2025-11-17_07:xxxx:02] cmds: actualizado
[2025-11-17_07:xxxx:03] push: OK
[2025-11-17_08:xxxx:02] snapshot: generado
[2025-11-17_08:xxxx:02] housekeeping: OK
[2025-11-17_08:xxxx:02] index: actualizado
[2025-11-17_08:xxxx:02] cmds: actualizado
[2025-11-17_08:xxxx:04] push: OK
[2025-11-17_09:xxxx:02] snapshot: generado
[2025-11-17_09:xxxx:02] housekeeping: OK
[2025-11-17_09:xxxx:02] index: actualizado
[2025-11-17_09:xxxx:02] cmds: actualizado
[2025-11-17_09:xxxx:03] push: OK
[2025-11-17_10:xxxx:02] snapshot: generado
[2025-11-17_10:xxxx:02] housekeeping: OK
[2025-11-17_10:xxxx:02] index: actualizado
[2025-11-17_10:xxxx:02] cmds: actualizado
[2025-11-17_10:xxxx:04] push: OK
[2025-11-17_11:xxxx:01] snapshot: generado
[2025-11-17_11:xxxx:01] housekeeping: OK
[2025-11-17_11:xxxx:01] index: actualizado
[2025-11-17_11:xxxx:01] cmds: actualizado
[2025-11-17_11:xxxx:03] push: OK
[2025-11-17_12:xxxx:01] snapshot: generado
[2025-11-17_12:xxxx:01] housekeeping: OK
[2025-11-17_12:xxxx:01] index: actualizado
[2025-11-17_12:xxxx:02] cmds: actualizado
[2025-11-17_12:xxxx:03] push: OK
[2025-11-17_13:xxxx:02] snapshot: generado
[2025-11-17_13:xxxx:02] housekeeping: OK
[2025-11-17_13:xxxx:02] index: actualizado
[2025-11-17_13:xxxx:02] cmds: actualizado
[2025-11-17_13:xxxx:04] push: OK
[2025-11-17_14:xxxx:01] snapshot: generado
[2025-11-17_14:xxxx:01] housekeeping: OK
[2025-11-17_14:xxxx:01] index: actualizado
[2025-11-17_14:xxxx:01] cmds: actualizado
[2025-11-17_14:xxxx:03] push: OK
[2025-11-17_15:xxxx:01] snapshot: generado
[2025-11-17_15:xxxx:01] housekeeping: OK
[2025-11-17_15:xxxx:01] index: actualizado
[2025-11-17_15:xxxx:02] cmds: actualizado
[2025-11-17_15:xxxx:03] push: OK
[2025-11-17_16:xxxx:02] snapshot: generado
[2025-11-17_16:xxxx:02] housekeeping: OK
[2025-11-17_16:xxxx:02] index: actualizado
[2025-11-17_16:xxxx:02] cmds: actualizado
[2025-11-17_16:xxxx:03] push: OK
[2025-11-17_17:xxxx:02] snapshot: generado
[2025-11-17_17:xxxx:02] housekeeping: OK
[2025-11-17_17:xxxx:02] index: actualizado
[2025-11-17_17:xxxx:02] cmds: actualizado
[2025-11-17_17:xxxx:04] push: OK
[2025-11-17_18:xxxx:01] snapshot: generado
[2025-11-17_18:xxxx:01] housekeeping: OK
[2025-11-17_18:xxxx:01] index: actualizado
[2025-11-17_18:xxxx:01] cmds: actualizado
[2025-11-17_18:xxxx:03] push: OK
[2025-11-17_19:xxxx:01] snapshot: generado
[2025-11-17_19:xxxx:01] housekeeping: OK
[2025-11-17_19:xxxx:01] index: actualizado
[2025-11-17_19:xxxx:01] cmds: actualizado
[2025-11-17_19:xxxx:03] push: OK
[2025-11-17_20:xxxx:02] snapshot: generado
[2025-11-17_20:xxxx:02] housekeeping: OK
[2025-11-17_20:xxxx:02] index: actualizado
[2025-11-17_20:xxxx:02] cmds: actualizado
[2025-11-17_20:xxxx:03] push: OK
[2025-11-17_21:xxxx:02] snapshot: generado
[2025-11-17_21:xxxx:02] housekeeping: OK
[2025-11-17_21:xxxx:02] index: actualizado
[2025-11-17_21:xxxx:02] cmds: actualizado
[2025-11-17_21:xxxx:04] push: OK
[2025-11-17_22:xxxx:01] snapshot: generado
[2025-11-17_22:xxxx:01] housekeeping: OK
[2025-11-17_22:xxxx:01] index: actualizado
[2025-11-17_22:xxxx:01] cmds: actualizado
[2025-11-17_22:xxxx:03] push: OK
[2025-11-17_23:xxxx:01] snapshot: generado
[2025-11-17_23:xxxx:01] housekeeping: OK
[2025-11-17_23:xxxx:01] index: actualizado
[2025-11-17_23:xxxx:02] cmds: actualizado
[2025-11-17_23:xxxx:03] push: OK
[2025-11-18_00:xxxx:01] snapshot: generado
[2025-11-18_00:xxxx:01] housekeeping: OK
[2025-11-18_00:xxxx:01] index: actualizado
[2025-11-18_00:xxxx:01] cmds: actualizado
[2025-11-18_00:xxxx:03] push: OK
[2025-11-18_00:xxxx:19] snapshot: generado
[2025-11-18_00:xxxx:19] housekeeping: OK
[2025-11-18_00:xxxx:19] index: actualizado
[2025-11-18_00:xxxx:19] cmds: actualizado
[2025-11-18_00:xxxx:21] push: OK
[2025-11-18_00:xxxx:59] snapshot: generado
[2025-11-18_00:xxxx:59] housekeeping: OK
[2025-11-18_00:xxxx:59] index: actualizado
[2025-11-18_00:xxxx:01] push: OK
[2025-11-18_00:xxxx:16] snapshot: generado
[2025-11-18_00:xxxx:16] housekeeping: OK
[2025-11-18_00:xxxx:16] index: actualizado
[2025-11-18_00:xxxx:16] cmds: actualizado
[2025-11-18_00:xxxx:17] push: OK
[2025-11-18_01:xxxx:02] snapshot: generado
[2025-11-18_01:xxxx:02] housekeeping: OK
[2025-11-18_01:xxxx:02] index: actualizado
[2025-11-18_01:xxxx:02] cmds: actualizado
[2025-11-18_01:xxxx:04] push: OK
[2025-11-18_01:xxxx:23] snapshot: generado
[2025-11-18_01:xxxx:23] housekeeping: OK
[2025-11-18_01:xxxx:23] index: actualizado
[2025-11-18_01:xxxx:23] cmds: actualizado
[2025-11-18_01:xxxx:25] push: OK
[2025-11-18_01:xxxx:06] snapshot: generado
[2025-11-18_01:xxxx:06] housekeeping: OK
[2025-11-18_01:xxxx:06] index: actualizado
[2025-11-18_01:xxxx:06] cmds: actualizado
[2025-11-18_01:xxxx:08] push: OK
[2025-11-18_01:xxxx:50] snapshot: generado
[2025-11-18_01:xxxx:50] housekeeping: OK
[2025-11-18_01:xxxx:50] index: actualizado
[2025-11-18_01:xxxx:50] cmds: actualizado
[2025-11-18_01:xxxx:52] push: OK
[2025-11-18_01:xxxx:17] snapshot: generado
[2025-11-18_01:xxxx:17] housekeeping: OK
[2025-11-18_01:xxxx:17] index: actualizado
[2025-11-18_01:xxxx:17] cmds: actualizado
[2025-11-18_01:xxxx:19] push: OK
[2025-11-18_02:xxxx:02] snapshot: generado
[2025-11-18_02:xxxx:02] housekeeping: OK
[2025-11-18_02:xxxx:02] index: actualizado
[2025-11-18_02:xxxx:02] cmds: actualizado
[2025-11-18_02:xxxx:04] push: OK
[2025-11-18_03:xxxx:01] snapshot: generado
[2025-11-18_03:xxxx:01] housekeeping: OK
[2025-11-18_03:xxxx:01] index: actualizado
[2025-11-18_03:xxxx:01] cmds: actualizado
[2025-11-18_03:xxxx:03] push: OK
[2025-11-18_03:xxxx:42] snapshot: generado
[2025-11-18_03:xxxx:42] housekeeping: OK
[2025-11-18_03:xxxx:42] index: actualizado
[2025-11-18_03:xxxx:42] cmds: actualizado
[2025-11-18_03:xxxx:44] push: OK
[2025-11-18_03:xxxx:17] snapshot: generado
[2025-11-18_03:xxxx:17] housekeeping: OK
[2025-11-18_03:xxxx:17] index: actualizado
[2025-11-18_03:xxxx:17] cmds: actualizado
[2025-11-18_03:xxxx:19] push: OK
[2025-11-18_03:xxxx:03] snapshot: generado
[2025-11-18_03:xxxx:03] housekeeping: OK
[2025-11-18_03:xxxx:03] index: actualizado
[2025-11-18_03:xxxx:03] cmds: actualizado
[2025-11-18_03:xxxx:04] push: OK
[2025-11-18_04:xxxx:26] snapshot: generado
[2025-11-18_04:xxxx:26] housekeeping: OK
[2025-11-18_04:xxxx:26] index: actualizado
[2025-11-18_04:xxxx:26] cmds: actualizado
[2025-11-18_04:xxxx:28] push: OK
[2025-11-18_04:xxxx:01] snapshot: generado
[2025-11-18_04:xxxx:01] housekeeping: OK
[2025-11-18_04:xxxx:02] index: actualizado
[2025-11-18_04:xxxx:02] cmds: actualizado
[2025-11-18_04:xxxx:03] push: OK
[2025-11-18_05:xxxx:02] snapshot: generado
[2025-11-18_05:xxxx:02] housekeeping: OK
[2025-11-18_05:xxxx:02] index: actualizado
[2025-11-18_05:xxxx:02] cmds: actualizado
[2025-11-18_05:xxxx:03] push: OK
[2025-11-18_06:xxxx:02] snapshot: generado
[2025-11-18_06:xxxx:02] housekeeping: OK
[2025-11-18_06:xxxx:02] index: actualizado
[2025-11-18_06:xxxx:02] cmds: actualizado
[2025-11-18_06:xxxx:04] push: OK
[2025-11-18_07:xxxx:01] snapshot: generado
[2025-11-18_07:xxxx:01] housekeeping: OK
[2025-11-18_07:xxxx:01] index: actualizado
[2025-11-18_07:xxxx:01] cmds: actualizado
[2025-11-18_07:xxxx:03] push: OK
[2025-11-18_07:xxxx:29] snapshot: generado
[2025-11-18_07:xxxx:29] housekeeping: OK
[2025-11-18_07:xxxx:29] index: actualizado
[2025-11-18_07:xxxx:29] cmds: actualizado
[2025-11-18_13:xxxx:26] snapshot: generado
[2025-11-18_13:xxxx:26] housekeeping: OK
[2025-11-18_13:xxxx:26] index: actualizado
[2025-11-18_13:xxxx:26] cmds: actualizado
[2025-11-18_13:xxxx:27] push: OK
[2025-11-18_13:xxxx:55] snapshot: generado
[2025-11-18_13:xxxx:55] housekeeping: OK
[2025-11-18_13:xxxx:55] index: actualizado
[2025-11-18_13:xxxx:55] cmds: actualizado
[2025-11-19_09:xxxx:09] snapshot: generado
[2025-11-19_09:xxxx:09] housekeeping: OK
[2025-11-19_09:xxxx:09] index: actualizado
[2025-11-19_09:xxxx:09] cmds: actualizado
[2025-11-19_09:xxxx:11] push: OK
[2025-11-19 21:09:19] === Inicio commit-and-push ===
[2025-11-19 21:09:19] Cambios detectados:
 M reports/current/df.txt
 M reports/current/free.txt
 M reports/current/zfs_list.txt
 M reports/current/zpool_list.txt
 M scripts/commit-and-push.sh
 M state/main1/sync.log
[main c2e2229] auto: snapshot main1 2025-11-19 21:09
 6 files changed, 48 insertions(+), 66 deletions(-)
[2025-11-19 21:09:19] Commit creado: auto: snapshot main1 2025-11-19 21:09
[2025-11-19 21:09:21] git push OK.
[2025-11-19 21:09:21] === Fin commit-and-push ===
[2025-11-19 22:00:01] === Inicio commit-and-push ===
[2025-11-19 22:00:01] Cambios detectados:
 M state/main1/sync.log
[main 16a4a07] auto: snapshot main1 2025-11-19 22:00
 1 file changed, 8 insertions(+)
[2025-11-19 22:00:01] Commit creado: auto: snapshot main1 2025-11-19 22:00
[2025-11-19 22:00:03] git push OK.
[2025-11-19 22:00:03] === Fin commit-and-push ===
[2025-11-19 23:00:02] === Inicio commit-and-push ===
[2025-11-19 23:00:02] Cambios detectados:
 M reports/current/free.txt
 M reports/current/zfs_list.txt
 M reports/current/zpool_list.txt
 M state/main1/sync.log
[main a87e7dc] auto: snapshot main1 2025-11-19 23:00
 3 files changed, 13 insertions(+), 12 deletions(-)
[2025-11-19 23:00:02] Commit creado: auto: snapshot main1 2025-11-19 23:00
[2025-11-19 23:00:03] git push OK.
[2025-11-19 23:00:03] === Fin commit-and-push ===
[2025-11-20 00:00:01] === Inicio commit-and-push ===
[2025-11-20 00:00:01] Cambios detectados:
 M reports/current/free.txt
 M reports/current/zfs_list.txt
 M state/main1/sync.log
[main ae83f12] auto: snapshot main1 2025-11-20 00:00
 3 files changed, 12 insertions(+), 2 deletions(-)
[2025-11-20 00:00:01] Commit creado: auto: snapshot main1 2025-11-20 00:00
[2025-11-20 00:00:03] git push OK.
[2025-11-20 00:00:03] === Fin commit-and-push ===
[2025-11-20 01:00:01] === Inicio commit-and-push ===
[2025-11-20 01:00:01] Cambios detectados:
 M reports/current/free.txt
 M reports/current/zfs_list.txt
 M reports/current/zpool_list.txt
 M state/main1/sync.log
[main f2735d6] auto: snapshot main1 2025-11-20 01:00
 3 files changed, 12 insertions(+), 11 deletions(-)
[2025-11-20 01:00:01] Commit creado: auto: snapshot main1 2025-11-20 01:00
[2025-11-20 01:00:03] git push OK.
[2025-11-20 01:00:03] === Fin commit-and-push ===
[2025-11-20 02:00:01] === Inicio commit-and-push ===
[2025-11-20 02:00:01] Cambios detectados:
 M reports/current/free.txt
 M reports/current/zfs_list.txt
 M state/main1/sync.log
[main e1091e2] auto: snapshot main1 2025-11-20 02:00
 3 files changed, 12 insertions(+), 2 deletions(-)
[2025-11-20 02:00:01] Commit creado: auto: snapshot main1 2025-11-20 02:00
[2025-11-20 02:00:03] git push OK.
[2025-11-20 02:00:03] === Fin commit-and-push ===
[2025-11-20 03:00:01] === Inicio commit-and-push ===
[2025-11-20 03:00:01] Cambios detectados:
 M reports/current/free.txt
 M reports/current/zfs_list.txt
 M reports/current/zpool_list.txt
 M state/main1/sync.log
[main e5075c2] auto: snapshot main1 2025-11-20 03:00
 4 files changed, 15 insertions(+), 2 deletions(-)
[2025-11-20 03:00:01] Commit creado: auto: snapshot main1 2025-11-20 03:00
[2025-11-20 03:00:03] git push OK.
[2025-11-20 03:00:03] === Fin commit-and-push ===
[2025-11-20 04:00:01] === Inicio commit-and-push ===
[2025-11-20 04:00:01] Cambios detectados:
 M reports/current/free.txt
 M reports/current/zfs_list.txt
 M state/main1/sync.log
[main 477d43b] auto: snapshot main1 2025-11-20 04:00
 3 files changed, 12 insertions(+), 2 deletions(-)
[2025-11-20 04:00:01] Commit creado: auto: snapshot main1 2025-11-20 04:00
[2025-11-20 04:00:03] git push OK.
[2025-11-20 04:00:03] === Fin commit-and-push ===
[2025-11-20 05:00:01] === Inicio commit-and-push ===
[2025-11-20 05:00:01] Cambios detectados:
 M state/main1/sync.log
[main c1d98a3] auto: snapshot main1 2025-11-20 05:00
 1 file changed, 8 insertions(+)
[2025-11-20 05:00:01] Commit creado: auto: snapshot main1 2025-11-20 05:00
[2025-11-20 05:00:03] git push OK.
[2025-11-20 05:00:03] === Fin commit-and-push ===
[2025-11-20 06:00:01] === Inicio commit-and-push ===
[2025-11-20 06:00:01] Cambios detectados:
 M reports/current/free.txt
 M reports/current/zfs_list.txt
 M state/main1/sync.log
[main ce59abc] auto: snapshot main1 2025-11-20 06:00
 3 files changed, 12 insertions(+), 2 deletions(-)
[2025-11-20 06:00:01] Commit creado: auto: snapshot main1 2025-11-20 06:00
[2025-11-20 06:00:03] git push OK.
[2025-11-20 06:00:03] === Fin commit-and-push ===
[2025-11-20 07:00:01] === Inicio commit-and-push ===
[2025-11-20 07:00:01] Cambios detectados:
 M reports/current/free.txt
 M reports/current/zfs_list.txt
 M state/main1/sync.log
[main f389bdc] auto: snapshot main1 2025-11-20 07:00
 3 files changed, 12 insertions(+), 2 deletions(-)
[2025-11-20 07:00:01] Commit creado: auto: snapshot main1 2025-11-20 07:00
[2025-11-20 07:00:03] git push OK.
[2025-11-20 07:00:03] === Fin commit-and-push ===
[2025-11-20 08:00:01] === Inicio commit-and-push ===
[2025-11-20 08:00:01] Cambios detectados:
 M reports/current/free.txt
 M reports/current/zfs_list.txt
 M reports/current/zpool_status.txt
 M state/main1/sync.log
[main d74454e] auto: snapshot main1 2025-11-20 08:00
 3 files changed, 13 insertions(+), 2 deletions(-)
[2025-11-20 08:00:01] Commit creado: auto: snapshot main1 2025-11-20 08:00
[2025-11-20 08:00:02] git push OK.
[2025-11-20 08:00:02] === Fin commit-and-push ===
[2025-11-20 09:00:01] === Inicio commit-and-push ===
[2025-11-20 09:00:01] Cambios detectados:
 M reports/current/free.txt
 M reports/current/zfs_list.txt
 M state/main1/sync.log
[main 31cb502] auto: snapshot main1 2025-11-20 09:00
 3 files changed, 12 insertions(+), 2 deletions(-)
[2025-11-20 09:00:01] Commit creado: auto: snapshot main1 2025-11-20 09:00
[2025-11-20 09:00:03] git push OK.
[2025-11-20 09:00:03] === Fin commit-and-push ===
[2025-11-20 10:00:02] === Inicio commit-and-push ===
[2025-11-20 10:00:02] Cambios detectados:
 M reports/current/free.txt
 M reports/current/zfs_list.txt
 M state/main1/sync.log
[main ff6a446] auto: snapshot main1 2025-11-20 10:00
 3 files changed, 12 insertions(+), 2 deletions(-)
[2025-11-20 10:00:02] Commit creado: auto: snapshot main1 2025-11-20 10:00
[2025-11-20 10:00:03] git push OK.
[2025-11-20 10:00:03] === Fin commit-and-push ===
[2025-11-20 11:00:01] === Inicio commit-and-push ===
[2025-11-20 11:00:01] Cambios detectados:
 M reports/current/free.txt
 M reports/current/zfs_list.txt
 M state/main1/sync.log
[main b13abeb] auto: snapshot main1 2025-11-20 11:00
 3 files changed, 12 insertions(+), 2 deletions(-)
[2025-11-20 11:00:01] Commit creado: auto: snapshot main1 2025-11-20 11:00
[2025-11-20 11:00:03] git push OK.
[2025-11-20 11:00:03] === Fin commit-and-push ===
[2025-11-20 12:00:01] === Inicio commit-and-push ===
[2025-11-20 12:00:01] Cambios detectados:
 M reports/current/free.txt
 M reports/current/zfs_list.txt
 M state/main1/sync.log
[main ef45c0e] auto: snapshot main1 2025-11-20 12:00
 3 files changed, 12 insertions(+), 2 deletions(-)
[2025-11-20 12:00:01] Commit creado: auto: snapshot main1 2025-11-20 12:00
[2025-11-20 12:00:03] git push OK.
[2025-11-20 12:00:03] === Fin commit-and-push ===
[2025-11-20 13:00:01] === Inicio commit-and-push ===
[2025-11-20 13:00:01] Cambios detectados:
 M reports/current/free.txt
 M reports/current/zfs_list.txt
 M reports/current/zpool_list.txt
 M state/main1/sync.log
[main c0fda1d] auto: snapshot main1 2025-11-20 13:00
 4 files changed, 13 insertions(+), 4 deletions(-)
[2025-11-20 13:00:01] Commit creado: auto: snapshot main1 2025-11-20 13:00
[2025-11-20 13:00:03] git push OK.
[2025-11-20 13:00:03] === Fin commit-and-push ===
[2025-11-20 14:00:01] === Inicio commit-and-push ===
[2025-11-20 14:00:01] Cambios detectados:
 M reports/current/zfs_list.txt
 M reports/current/zpool_list.txt
 M state/main1/sync.log
[main 5b29e9d] auto: snapshot main1 2025-11-20 14:00
 3 files changed, 13 insertions(+), 1 deletion(-)
[2025-11-20 14:00:01] Commit creado: auto: snapshot main1 2025-11-20 14:00
[2025-11-20 14:00:02] git push OK.
[2025-11-20 14:00:02] === Fin commit-and-push ===
[2025-11-20 15:00:01] === Inicio commit-and-push ===
[2025-11-20 15:00:01] Cambios detectados:
 M reports/current/zfs_list.txt
 M state/main1/sync.log
[main deb9064] auto: snapshot main1 2025-11-20 15:00
 2 files changed, 10 insertions(+), 1 deletion(-)
[2025-11-20 15:00:01] Commit creado: auto: snapshot main1 2025-11-20 15:00
[2025-11-20 15:00:03] git push OK.
[2025-11-20 15:00:03] === Fin commit-and-push ===
[2025-11-20 16:00:02] === Inicio commit-and-push ===
[2025-11-20 16:00:02] Cambios detectados:
 M reports/current/free.txt
 M reports/current/zfs_list.txt
 M state/main1/sync.log
[main 688f1c3] auto: snapshot main1 2025-11-20 16:00
 3 files changed, 12 insertions(+), 2 deletions(-)
[2025-11-20 16:00:02] Commit creado: auto: snapshot main1 2025-11-20 16:00
[2025-11-20 16:00:03] git push OK.
[2025-11-20 16:00:03] === Fin commit-and-push ===
[2025-11-20 17:00:01] === Inicio commit-and-push ===
[2025-11-20 17:00:01] Cambios detectados:
 M reports/current/free.txt
 M reports/current/zfs_list.txt
 M reports/current/zpool_list.txt
 M state/main1/sync.log
[main b7aaae0] auto: snapshot main1 2025-11-20 17:00
 4 files changed, 13 insertions(+), 12 deletions(-)
[2025-11-20 17:00:01] Commit creado: auto: snapshot main1 2025-11-20 17:00
[2025-11-20 17:00:03] git push OK.
[2025-11-20 17:00:03] === Fin commit-and-push ===
[2025-11-20 18:00:01] === Inicio commit-and-push ===
[2025-11-20 18:00:01] Cambios detectados:
 M reports/current/free.txt
 M reports/current/zfs_list.txt
 M reports/current/zpool_status.txt
 M state/main1/sync.log
[main 3538ddc] auto: snapshot main1 2025-11-20 18:00
 4 files changed, 29 insertions(+), 3 deletions(-)
[2025-11-20 18:00:01] Commit creado: auto: snapshot main1 2025-11-20 18:00
[2025-11-20 18:00:02] git push OK.
[2025-11-20 18:00:02] === Fin commit-and-push ===
[2025-11-20 19:00:01] === Inicio commit-and-push ===
[2025-11-20 19:00:01] Cambios detectados:
 M reports/current/free.txt
 M reports/current/zfs_list.txt
 M state/main1/sync.log
[main 8195b27] auto: snapshot main1 2025-11-20 19:00
 3 files changed, 12 insertions(+), 2 deletions(-)
[2025-11-20 19:00:01] Commit creado: auto: snapshot main1 2025-11-20 19:00
[2025-11-20 19:00:03] git push OK.
[2025-11-20 19:00:03] === Fin commit-and-push ===
[2025-11-20 20:00:02] === Inicio commit-and-push ===
[2025-11-20 20:00:02] Cambios detectados:
 M reports/current/free.txt
 M reports/current/zfs_list.txt
 M reports/current/zpool_list.txt
 M state/main1/sync.log
[main 0ce1e25] auto: snapshot main1 2025-11-20 20:00
 3 files changed, 12 insertions(+), 11 deletions(-)
[2025-11-20 20:00:02] Commit creado: auto: snapshot main1 2025-11-20 20:00
[2025-11-20 20:00:03] git push OK.
[2025-11-20 20:00:03] === Fin commit-and-push ===
[2025-11-20 21:00:01] === Inicio commit-and-push ===
[2025-11-20 21:00:01] Cambios detectados:
 M reports/current/free.txt
 M reports/current/zfs_list.txt
 M reports/current/zpool_status.txt
 M state/main1/sync.log
[main ebffaf7] auto: snapshot main1 2025-11-20 21:00
 4 files changed, 28 insertions(+), 2 deletions(-)
[2025-11-20 21:00:01] Commit creado: auto: snapshot main1 2025-11-20 21:00
[2025-11-20 21:00:03] git push OK.
[2025-11-20 21:00:03] === Fin commit-and-push ===
[2025-11-20 22:00:01] === Inicio commit-and-push ===
[2025-11-20 22:00:01] Cambios detectados:
 M reports/current/df.txt
 M reports/current/free.txt
 M reports/current/zfs_list.txt
 M state/main1/sync.log
[main 3a23e7c] auto: snapshot main1 2025-11-20 22:00
 4 files changed, 14 insertions(+), 3 deletions(-)
[2025-11-20 22:00:01] Commit creado: auto: snapshot main1 2025-11-20 22:00
[2025-11-20 22:00:03] git push OK.
[2025-11-20 22:00:03] === Fin commit-and-push ===
[2025-11-20 23:00:01] === Inicio commit-and-push ===
[2025-11-20 23:00:01] Cambios detectados:
 M reports/current/zfs_list.txt
 M reports/current/zpool_list.txt
 M state/main1/sync.log
?? scripts/nextcloud-backup-db.sh
[main d85413e] auto: snapshot main1 2025-11-20 23:00
 4 files changed, 69 insertions(+), 6 deletions(-)
 create mode 100755 scripts/nextcloud-backup-db.sh
[2025-11-20 23:00:01] Commit creado: auto: snapshot main1 2025-11-20 23:00
[2025-11-20 23:00:06] git push OK.
[2025-11-20 23:00:06] === Fin commit-and-push ===
[2025-11-21 00:00:01] === Inicio commit-and-push ===
[2025-11-21 00:00:01] Cambios detectados:
 M MIGRATION_LOG.md
 M docs/SCRIPTS.md
 M reports/current/df.txt
 M reports/current/free.txt
 M reports/current/ip.txt
 M reports/current/uname.txt
 M state/main1/sync.log
[main 505a74a] auto: snapshot main1 2025-11-21 00:00
 7 files changed, 69 insertions(+), 8 deletions(-)
[2025-11-21 00:00:01] Commit creado: auto: snapshot main1 2025-11-21 00:00
[2025-11-21 00:00:03] git push OK.
[2025-11-21 00:00:03] === Fin commit-and-push ===
[2025-11-21 01:00:01] === Inicio commit-and-push ===
[2025-11-21 01:00:01] Cambios detectados:
 M reports/current/free.txt
 M reports/current/zfs_list.txt
 M reports/current/zpool_list.txt
 M state/main1/sync.log
[main 36a16a9] auto: snapshot main1 2025-11-21 01:00
 4 files changed, 23 insertions(+), 12 deletions(-)
[2025-11-21 01:00:01] Commit creado: auto: snapshot main1 2025-11-21 01:00
[2025-11-21 01:00:03] git push OK.
[2025-11-21 01:00:03] === Fin commit-and-push ===
[2025-11-21 02:00:01] === Inicio commit-and-push ===
[2025-11-21 02:00:01] Cambios detectados:
 M reports/current/free.txt
 M reports/current/zfs_list.txt
 M reports/current/zpool_list.txt
 M state/main1/sync.log
[main 40e9294] auto: snapshot main1 2025-11-21 02:00
 4 files changed, 13 insertions(+), 4 deletions(-)
[2025-11-21 02:00:01] Commit creado: auto: snapshot main1 2025-11-21 02:00
[2025-11-21 02:00:03] git push OK.
[2025-11-21 02:00:03] === Fin commit-and-push ===
[2025-11-21 03:00:01] === Inicio commit-and-push ===
[2025-11-21 03:00:01] Cambios detectados:
 M reports/current/zfs_list.txt
 M state/main1/sync.log
[main e8a654b] auto: snapshot main1 2025-11-21 03:00
 3 files changed, 10 insertions(+), 3 deletions(-)
[2025-11-21 03:00:01] Commit creado: auto: snapshot main1 2025-11-21 03:00
[2025-11-21 03:00:03] git push OK.
[2025-11-21 03:00:03] === Fin commit-and-push ===
[2025-11-21 04:00:01] === Inicio commit-and-push ===
[2025-11-21 04:00:01] Cambios detectados:
 M reports/current/free.txt
 M reports/current/zfs_list.txt
 M reports/current/zpool_list.txt
 M state/main1/sync.log
[main aec3381] auto: snapshot main1 2025-11-21 04:00
 3 files changed, 13 insertions(+), 2 deletions(-)
[2025-11-21 04:00:01] Commit creado: auto: snapshot main1 2025-11-21 04:00
[2025-11-21 04:00:03] git push OK.
[2025-11-21 04:00:03] === Fin commit-and-push ===
[2025-11-21 05:00:01] === Inicio commit-and-push ===
[2025-11-21 05:00:01] Cambios detectados:
 M state/main1/sync.log
[main e0b6909] auto: snapshot main1 2025-11-21 05:00
 1 file changed, 8 insertions(+)
[2025-11-21 05:00:01] Commit creado: auto: snapshot main1 2025-11-21 05:00
[2025-11-21 05:00:02] git push OK.
[2025-11-21 05:00:02] === Fin commit-and-push ===
[2025-11-21 06:00:01] === Inicio commit-and-push ===
[2025-11-21 06:00:01] Cambios detectados:
 M reports/current/free.txt
 M reports/current/zfs_list.txt
 M reports/current/zpool_list.txt
 M state/main1/sync.log
[main be434f0] auto: snapshot main1 2025-11-21 06:00
 4 files changed, 15 insertions(+), 2 deletions(-)
[2025-11-21 06:00:01] Commit creado: auto: snapshot main1 2025-11-21 06:00
[2025-11-21 06:00:03] git push OK.
[2025-11-21 06:00:03] === Fin commit-and-push ===
[2025-11-21 07:00:01] === Inicio commit-and-push ===
[2025-11-21 07:00:01] Cambios detectados:
 M reports/current/free.txt
 M reports/current/zfs_list.txt
 M state/main1/sync.log
[main d69d207] auto: snapshot main1 2025-11-21 07:00
 3 files changed, 12 insertions(+), 2 deletions(-)
[2025-11-21 07:00:01] Commit creado: auto: snapshot main1 2025-11-21 07:00
[2025-11-21 07:00:03] git push OK.
[2025-11-21 07:00:03] === Fin commit-and-push ===
[2025-11-21 08:00:01] === Inicio commit-and-push ===
[2025-11-21 08:00:01] Cambios detectados:
 M reports/current/free.txt
 M reports/current/zfs_list.txt
 M state/main1/sync.log
[main ce067b7] auto: snapshot main1 2025-11-21 08:00
 3 files changed, 12 insertions(+), 2 deletions(-)
[2025-11-21 08:00:01] Commit creado: auto: snapshot main1 2025-11-21 08:00
[2025-11-21 08:00:03] git push OK.
[2025-11-21 08:00:03] === Fin commit-and-push ===
[2025-11-21 09:00:01] === Inicio commit-and-push ===
[2025-11-21 09:00:01] Cambios detectados:
 M reports/current/zfs_list.txt
 M state/main1/sync.log
[main b9bca73] auto: snapshot main1 2025-11-21 09:00
 2 files changed, 10 insertions(+), 1 deletion(-)
[2025-11-21 09:00:01] Commit creado: auto: snapshot main1 2025-11-21 09:00
[2025-11-21 09:00:03] git push OK.
[2025-11-21 09:00:03] === Fin commit-and-push ===
[2025-11-21 10:00:01] === Inicio commit-and-push ===
[2025-11-21 10:00:01] Cambios detectados:
 M reports/current/zfs_list.txt
 M state/main1/sync.log
[main 9a84e30] auto: snapshot main1 2025-11-21 10:00
 2 files changed, 10 insertions(+), 1 deletion(-)
[2025-11-21 10:00:01] Commit creado: auto: snapshot main1 2025-11-21 10:00
[2025-11-21 10:00:03] git push OK.
[2025-11-21 10:00:03] === Fin commit-and-push ===
[2025-11-21 11:00:01] === Inicio commit-and-push ===
[2025-11-21 11:00:01] Cambios detectados:
 M reports/current/free.txt
 M reports/current/zfs_list.txt
 M state/main1/sync.log
[main ab99182] auto: snapshot main1 2025-11-21 11:00
 3 files changed, 12 insertions(+), 2 deletions(-)
[2025-11-21 11:00:01] Commit creado: auto: snapshot main1 2025-11-21 11:00
[2025-11-21 11:00:02] git push OK.
[2025-11-21 11:00:02] === Fin commit-and-push ===
[2025-11-21 12:00:01] === Inicio commit-and-push ===
[2025-11-21 12:00:01] Cambios detectados:
 M reports/current/zfs_list.txt
 M state/main1/sync.log
[main 2e9ae71] auto: snapshot main1 2025-11-21 12:00
 2 files changed, 10 insertions(+), 1 deletion(-)
[2025-11-21 12:00:01] Commit creado: auto: snapshot main1 2025-11-21 12:00
[2025-11-21 12:01:11] git push OK.
[2025-11-21 12:01:11] === Fin commit-and-push ===
[2025-11-21 13:00:02] === Inicio commit-and-push ===
[2025-11-21 13:00:02] Cambios detectados:
 M reports/current/zfs_list.txt
 M state/main1/sync.log
[main 6196974] auto: snapshot main1 2025-11-21 13:00
 2 files changed, 10 insertions(+), 1 deletion(-)
[2025-11-21 13:00:02] Commit creado: auto: snapshot main1 2025-11-21 13:00
[2025-11-21 13:00:03] git push OK.
[2025-11-21 13:00:03] === Fin commit-and-push ===
[2025-11-21 14:00:01] === Inicio commit-and-push ===
[2025-11-21 14:00:01] Cambios detectados:
 M reports/current/free.txt
 M reports/current/zfs_list.txt
 M state/main1/sync.log
[main 43f786a] auto: snapshot main1 2025-11-21 14:00
 3 files changed, 11 insertions(+), 11 deletions(-)
[2025-11-21 14:00:01] Commit creado: auto: snapshot main1 2025-11-21 14:00
[2025-11-21 14:00:03] git push OK.
[2025-11-21 14:00:03] === Fin commit-and-push ===
[2025-11-21 15:00:02] === Inicio commit-and-push ===
[2025-11-21 15:00:02] Cambios detectados:
 M reports/current/free.txt
 M reports/current/zfs_list.txt
 M state/main1/sync.log
[main a5480d8] auto: snapshot main1 2025-11-21 15:00
 3 files changed, 11 insertions(+), 11 deletions(-)
[2025-11-21 15:00:02] Commit creado: auto: snapshot main1 2025-11-21 15:00
[2025-11-21 15:00:03] git push OK.
[2025-11-21 15:00:03] === Fin commit-and-push ===
[2025-11-21 16:00:01] === Inicio commit-and-push ===
[2025-11-21 16:00:01] Cambios detectados:
 M state/main1/sync.log
[main 0f1f17e] auto: snapshot main1 2025-11-21 16:00
 1 file changed, 8 insertions(+)
[2025-11-21 16:00:01] Commit creado: auto: snapshot main1 2025-11-21 16:00
[2025-11-21 16:00:03] git push OK.
[2025-11-21 16:00:03] === Fin commit-and-push ===
[2025-11-21 17:00:01] === Inicio commit-and-push ===
[2025-11-21 17:00:01] Cambios detectados:
 M reports/current/zpool_list.txt
 M state/main1/sync.log
[main 44aa719] auto: snapshot main1 2025-11-21 17:00
 2 files changed, 11 insertions(+)
[2025-11-21 17:00:01] Commit creado: auto: snapshot main1 2025-11-21 17:00
[2025-11-21 17:00:03] git push OK.
[2025-11-21 17:00:03] === Fin commit-and-push ===
[2025-11-21 18:00:01] === Inicio commit-and-push ===
[2025-11-21 18:00:01] Cambios detectados:
 M reports/current/zfs_list.txt
 M state/main1/sync.log
[main 166d389] auto: snapshot main1 2025-11-21 18:00
 2 files changed, 10 insertions(+), 1 deletion(-)
[2025-11-21 18:00:01] Commit creado: auto: snapshot main1 2025-11-21 18:00
[2025-11-21 18:00:02] git push OK.
[2025-11-21 18:00:02] === Fin commit-and-push ===
[2025-11-21 19:00:01] === Inicio commit-and-push ===
[2025-11-21 19:00:01] Cambios detectados:
 M reports/current/free.txt
 M reports/current/zfs_list.txt
 M state/main1/sync.log
[main 368eaa1] auto: snapshot main1 2025-11-21 19:00
 3 files changed, 12 insertions(+), 2 deletions(-)
[2025-11-21 19:00:01] Commit creado: auto: snapshot main1 2025-11-21 19:00
[2025-11-21 19:00:03] git push OK.
[2025-11-21 19:00:03] === Fin commit-and-push ===
[2025-11-21 20:00:02] === Inicio commit-and-push ===
[2025-11-21 20:00:02] Cambios detectados:
 M docs/ESTADO.md
 M reports/current/free.txt
 M reports/current/zfs_list.txt
 M state/main1/sync.log
?? scripts/gen-estado-doc.sh
[main 5f02954] auto: snapshot main1 2025-11-21 20:00
 5 files changed, 77 insertions(+), 4 deletions(-)
 create mode 100755 scripts/gen-estado-doc.sh
[2025-11-21 20:00:02] Commit creado: auto: snapshot main1 2025-11-21 20:00
[2025-11-21 20:00:03] git push OK.
[2025-11-21 20:00:03] === Fin commit-and-push ===
[2025-11-21 21:00:01] === Inicio commit-and-push ===
[2025-11-21 21:00:01] Cambios detectados:
 M reports/current/df.txt
 M reports/current/free.txt
 M reports/current/zfs_list.txt
 M state/main1/sync.log
[main 04ca21d] auto: snapshot main1 2025-11-21 21:00
 4 files changed, 15 insertions(+), 3 deletions(-)
[2025-11-21 21:00:01] Commit creado: auto: snapshot main1 2025-11-21 21:00
[2025-11-21 21:00:03] git push OK.
[2025-11-21 21:00:03] === Fin commit-and-push ===
[2025-11-21 22:00:02] === Inicio commit-and-push ===
[2025-11-21 22:00:02] Cambios detectados:
 M reports/current/free.txt
 M reports/current/zfs_list.txt
 M state/main1/sync.log
[main 1ff14ed] auto: snapshot main1 2025-11-21 22:00
 3 files changed, 12 insertions(+), 2 deletions(-)
[2025-11-21 22:00:02] Commit creado: auto: snapshot main1 2025-11-21 22:00
[2025-11-21 22:00:03] git push OK.
[2025-11-21 22:00:03] === Fin commit-and-push ===
[2025-11-21 23:00:01] === Inicio commit-and-push ===
[2025-11-21 23:00:01] Cambios detectados:
 M reports/current/zfs_list.txt
 M state/main1/sync.log
[main ad93c50] auto: snapshot main1 2025-11-21 23:00
 2 files changed, 10 insertions(+), 1 deletion(-)
[2025-11-21 23:00:01] Commit creado: auto: snapshot main1 2025-11-21 23:00
[2025-11-21 23:00:03] git push OK.
[2025-11-21 23:00:03] === Fin commit-and-push ===
[2025-11-22 00:00:02] === Inicio commit-and-push ===
[2025-11-22 00:00:02] Cambios detectados:
 M state/main1/sync.log
[main 1707449] auto: snapshot main1 2025-11-22 00:00
 1 file changed, 8 insertions(+)
[2025-11-22 00:00:02] Commit creado: auto: snapshot main1 2025-11-22 00:00
[2025-11-22 00:00:04] git push OK.
[2025-11-22 00:00:04] === Fin commit-and-push ===
[2025-11-22 01:00:01] === Inicio commit-and-push ===
[2025-11-22 01:00:01] Cambios detectados:
 M reports/current/free.txt
 M reports/current/zfs_list.txt
 M state/main1/sync.log
[main 3097b73] auto: snapshot main1 2025-11-22 01:00
 4 files changed, 12 insertions(+), 4 deletions(-)
[2025-11-22 01:00:01] Commit creado: auto: snapshot main1 2025-11-22 01:00
[2025-11-22 01:00:03] git push OK.
[2025-11-22 01:00:03] === Fin commit-and-push ===
[2025-11-22 02:00:01] === Inicio commit-and-push ===
[2025-11-22 02:00:01] Cambios detectados:
 M reports/current/free.txt
 M reports/current/zfs_list.txt
 M reports/current/zpool_list.txt
 M state/main1/sync.log
[main ddc3533] auto: snapshot main1 2025-11-22 02:00
 4 files changed, 15 insertions(+), 2 deletions(-)
[2025-11-22 02:00:01] Commit creado: auto: snapshot main1 2025-11-22 02:00
[2025-11-22 02:00:03] git push OK.
[2025-11-22 02:00:03] === Fin commit-and-push ===
[2025-11-22 03:00:01] === Inicio commit-and-push ===
[2025-11-22 03:00:01] Cambios detectados:
 M reports/current/zfs_list.txt
 M state/main1/sync.log
[main 2be0e49] auto: snapshot main1 2025-11-22 03:00
 2 files changed, 10 insertions(+), 1 deletion(-)
[2025-11-22 03:00:01] Commit creado: auto: snapshot main1 2025-11-22 03:00
[2025-11-22 03:00:03] git push OK.
[2025-11-22 03:00:03] === Fin commit-and-push ===
[2025-11-22 04:00:01] === Inicio commit-and-push ===
[2025-11-22 04:00:01] Cambios detectados:
 M reports/current/free.txt
 M reports/current/zfs_list.txt
 M state/main1/sync.log
[main 1ef54df] auto: snapshot main1 2025-11-22 04:00
 3 files changed, 13 insertions(+), 3 deletions(-)
[2025-11-22 04:00:01] Commit creado: auto: snapshot main1 2025-11-22 04:00
[2025-11-22 04:00:02] git push OK.
[2025-11-22 04:00:02] === Fin commit-and-push ===
[2025-11-22 05:00:01] === Inicio commit-and-push ===
[2025-11-22 05:00:01] Cambios detectados:
 M state/main1/sync.log
[main 40162c9] auto: snapshot main1 2025-11-22 05:00
 1 file changed, 8 insertions(+)
[2025-11-22 05:00:01] Commit creado: auto: snapshot main1 2025-11-22 05:00
[2025-11-22 05:00:03] git push OK.
[2025-11-22 05:00:03] === Fin commit-and-push ===
[2025-11-22 06:00:02] === Inicio commit-and-push ===
[2025-11-22 06:00:02] Cambios detectados:
 M reports/current/zfs_list.txt
 M state/main1/sync.log
[main 2ae175c] auto: snapshot main1 2025-11-22 06:00
 2 files changed, 10 insertions(+), 1 deletion(-)
[2025-11-22 06:00:02] Commit creado: auto: snapshot main1 2025-11-22 06:00
[2025-11-22 06:00:03] git push OK.
[2025-11-22 06:00:03] === Fin commit-and-push ===
[2025-11-22 07:00:01] === Inicio commit-and-push ===
[2025-11-22 07:00:01] Cambios detectados:
 M reports/current/zfs_list.txt
 M state/main1/sync.log
[main bb12b36] auto: snapshot main1 2025-11-22 07:00
 2 files changed, 10 insertions(+), 1 deletion(-)
[2025-11-22 07:00:01] Commit creado: auto: snapshot main1 2025-11-22 07:00
[2025-11-22 07:00:03] git push OK.
[2025-11-22 07:00:03] === Fin commit-and-push ===
[2025-11-22 08:00:02] === Inicio commit-and-push ===
[2025-11-22 08:00:02] Cambios detectados:
 M reports/current/zfs_list.txt
 M state/main1/sync.log
[main c999416] auto: snapshot main1 2025-11-22 08:00
 2 files changed, 10 insertions(+), 1 deletion(-)
[2025-11-22 08:00:02] Commit creado: auto: snapshot main1 2025-11-22 08:00
[2025-11-22 08:00:03] git push OK.
[2025-11-22 08:00:03] === Fin commit-and-push ===
[2025-11-22 09:00:01] === Inicio commit-and-push ===
[2025-11-22 09:00:01] Cambios detectados:
 M reports/current/zfs_list.txt
 M state/main1/sync.log
[main 3436cf7] auto: snapshot main1 2025-11-22 09:00
 2 files changed, 10 insertions(+), 1 deletion(-)
[2025-11-22 09:00:01] Commit creado: auto: snapshot main1 2025-11-22 09:00
[2025-11-22 09:00:03] git push OK.
[2025-11-22 09:00:03] === Fin commit-and-push ===
[2025-11-22 10:00:01] === Inicio commit-and-push ===
[2025-11-22 10:00:01] Cambios detectados:
 M reports/current/zfs_list.txt
 M state/main1/sync.log
[main 1fb97f1] auto: snapshot main1 2025-11-22 10:00
 2 files changed, 10 insertions(+), 1 deletion(-)
[2025-11-22 10:00:02] Commit creado: auto: snapshot main1 2025-11-22 10:00
[2025-11-22 10:00:03] git push OK.
[2025-11-22 10:00:03] === Fin commit-and-push ===
[2025-11-22 11:00:01] === Inicio commit-and-push ===
[2025-11-22 11:00:01] Cambios detectados:
 M reports/current/zfs_list.txt
 M state/main1/sync.log
[main f29b30f] auto: snapshot main1 2025-11-22 11:00
 2 files changed, 10 insertions(+), 1 deletion(-)
[2025-11-22 11:00:01] Commit creado: auto: snapshot main1 2025-11-22 11:00
[2025-11-22 11:00:03] git push OK.
[2025-11-22 11:00:03] === Fin commit-and-push ===
[2025-11-22 12:00:01] === Inicio commit-and-push ===
[2025-11-22 12:00:01] Cambios detectados:
 M reports/current/zfs_list.txt
 M state/main1/sync.log
[main 644f16a] auto: snapshot main1 2025-11-22 12:00
 2 files changed, 10 insertions(+), 1 deletion(-)
[2025-11-22 12:00:01] Commit creado: auto: snapshot main1 2025-11-22 12:00
[2025-11-22 12:00:03] git push OK.
[2025-11-22 12:00:03] === Fin commit-and-push ===
[2025-11-22 13:00:01] === Inicio commit-and-push ===
[2025-11-22 13:00:01] Cambios detectados:
 M reports/current/zfs_list.txt
 M state/main1/sync.log
[main 042e7f8] auto: snapshot main1 2025-11-22 13:00
 2 files changed, 10 insertions(+), 1 deletion(-)
[2025-11-22 13:00:01] Commit creado: auto: snapshot main1 2025-11-22 13:00
[2025-11-22 13:00:02] git push OK.
[2025-11-22 13:00:02] === Fin commit-and-push ===
[2025-11-22 14:00:01] === Inicio commit-and-push ===
[2025-11-22 14:00:01] Cambios detectados:
 M reports/current/zfs_list.txt
 M state/main1/sync.log
[main 247e1af] auto: snapshot main1 2025-11-22 14:00
 2 files changed, 10 insertions(+), 1 deletion(-)
[2025-11-22 14:00:01] Commit creado: auto: snapshot main1 2025-11-22 14:00
[2025-11-22 14:00:03] git push OK.
[2025-11-22 14:00:03] === Fin commit-and-push ===
[2025-11-22 15:00:01] === Inicio commit-and-push ===
[2025-11-22 15:00:01] Cambios detectados:
 M reports/current/free.txt
 M reports/current/zfs_list.txt
 M state/main1/sync.log
[main b357fd0] auto: snapshot main1 2025-11-22 15:00
 4 files changed, 12 insertions(+), 4 deletions(-)
[2025-11-22 15:00:01] Commit creado: auto: snapshot main1 2025-11-22 15:00
[2025-11-22 15:00:03] git push OK.
[2025-11-22 15:00:03] === Fin commit-and-push ===
[2025-11-22 16:00:01] === Inicio commit-and-push ===
[2025-11-22 16:00:01] Cambios detectados:
 M reports/current/free.txt
 M reports/current/zfs_list.txt
 M reports/current/zpool_list.txt
 M state/main1/sync.log
[main ddea2d2] auto: snapshot main1 2025-11-22 16:00
 3 files changed, 13 insertions(+), 2 deletions(-)
[2025-11-22 16:00:01] Commit creado: auto: snapshot main1 2025-11-22 16:00
[2025-11-22 16:00:02] git push OK.
[2025-11-22 16:00:02] === Fin commit-and-push ===
[2025-11-22 17:00:01] === Inicio commit-and-push ===
[2025-11-22 17:00:01] Cambios detectados:
 M reports/current/zfs_list.txt
 M state/main1/sync.log
[main 610fb53] auto: snapshot main1 2025-11-22 17:00
 2 files changed, 10 insertions(+), 1 deletion(-)
[2025-11-22 17:00:01] Commit creado: auto: snapshot main1 2025-11-22 17:00
[2025-11-22 17:00:03] git push OK.
[2025-11-22 17:00:03] === Fin commit-and-push ===
[2025-11-22 17:34:07] === Inicio commit-and-push ===
[2025-11-22 17:34:07] Cambios detectados:
 M docs/ESTADO.md
 M reports/current/free.txt
 M reports/current/zfs_list.txt
 M scripts/commit-and-push.sh
 M scripts/gen-estado-doc.sh
 M state/main1/sync.log
[main 38dd4b8] auto: snapshot main1 2025-11-22 17:34
 6 files changed, 56 insertions(+), 45 deletions(-)
[2025-11-22 17:34:07] Commit creado: auto: snapshot main1 2025-11-22 17:34
[2025-11-22 17:34:09] git push OK.
[2025-11-22 17:34:09] === Fin commit-and-push ===
[2025-11-22 17:42:28] === Inicio commit-and-push ===
[2025-11-22 17:42:28] Cambios detectados:
 M docs/ESTADO.md
 M state/main1/sync.log
?? state/main1/2025-11-22_smart.md
[main 804dfc2] auto: snapshot main1 2025-11-22 17:42
 Committer: root <root@main1.llobregat.com>
Tu nombre y correo fueron configurados automticamente basados
en tu usuario y nombre de host. Por favor verifica que sean correctos.
T puedes suprimir este mensaje configurndolos de forma explcita. Ejecuta el
siguiente comando y sigue las instrucciones de tu editor
 para modificar tu archivo de configuracin:

    git config --global --edit

Tras hacer esto, puedes arreglar la identidad usada para este commit con:

    git commit --amend --reset-author

 3 files changed, 141 insertions(+), 2 deletions(-)
 create mode 100644 state/main1/2025-11-22_smart.md
[2025-11-22 17:42:28] Commit creado: auto: snapshot main1 2025-11-22 17:42
[2025-11-22 17:42:30] git push OK.
[2025-11-22 17:42:30] === Fin commit-and-push ===
[2025-11-22 17:44:35] === Inicio commit-and-push ===
[2025-11-22 17:44:35] Cambios detectados:
 M docs/ESTADO.md
 M state/main1/2025-11-22_smart.md
 M state/main1/sync.log
[main 8bb4b59] auto: snapshot main1 2025-11-22 17:44
 Committer: root <root@main1.llobregat.com>
Tu nombre y correo fueron configurados automticamente basados
en tu usuario y nombre de host. Por favor verifica que sean correctos.
T puedes suprimir este mensaje configurndolos de forma explcita. Ejecuta el
siguiente comando y sigue las instrucciones de tu editor
 para modificar tu archivo de configuracin:

    git config --global --edit

Tras hacer esto, puedes arreglar la identidad usada para este commit con:

    git commit --amend --reset-author

 3 files changed, 27 insertions(+), 3 deletions(-)
[2025-11-22 17:44:35] Commit creado: auto: snapshot main1 2025-11-22 17:44
[2025-11-22 17:44:37] git push OK.
[2025-11-22 17:44:37] === Fin commit-and-push ===
[2025-11-22 17:46:43] === Inicio commit-and-push ===
[2025-11-22 17:46:43] Cambios detectados:
 M docs/ESTADO.md
 M scripts/commit-and-push.sh
 M scripts/gen-estado-doc.sh
 M state/main1/sync.log
[main 173c9d3] auto: snapshot main1 2025-11-22 17:46
 4 files changed, 63 insertions(+), 24 deletions(-)
[2025-11-22 17:46:43] Commit creado: auto: snapshot main1 2025-11-22 17:46
[2025-11-22 17:46:44] git push OK.
[2025-11-22 17:46:44] === Fin commit-and-push ===
[2025-11-22 17:52:48] === Inicio commit-and-push ===
[2025-11-22 17:59:38] === Inicio commit-and-push ===
[2025-11-22 18:00:01] === Inicio commit-and-push ===
[2025-11-22 18:00:13] === Inicio commit-and-push ===
[2025-11-22 18:27:28] === Inicio commit-and-push ===
[2025-11-22 18:27:28] Cambios detectados:
 M docs/ESTADO.md
 M reports/current/free.txt
 M reports/current/zfs_list.txt
 M scripts/gen-estado-doc.sh
 M state/main1/2025-11-22_smart.md
 M state/main1/sync.log
[main 6aec680] auto: snapshot main1 2025-11-22 18:27
 Committer: root <root@main1.llobregat.com>
Tu nombre y correo fueron configurados automticamente basados
en tu usuario y nombre de host. Por favor verifica que sean correctos.
T puedes suprimir este mensaje configurndolos de forma explcita. Ejecuta el
siguiente comando y sigue las instrucciones de tu editor
 para modificar tu archivo de configuracin:

    git config --global --edit

Tras hacer esto, puedes arreglar la identidad usada para este commit con:

    git commit --amend --reset-author

 6 files changed, 37 insertions(+), 22 deletions(-)
[2025-11-22 18:27:28] Commit creado: auto: snapshot main1 2025-11-22 18:27
[2025-11-22 18:27:30] git push OK.
[2025-11-22 18:27:30] === Fin commit-and-push ===
[2025-11-22 18:31:51] === Inicio commit-and-push ===
[2025-11-22 18:57:47] === Inicio commit-and-push ===
[2025-11-22 19:00:01] === Inicio commit-and-push ===
[2025-11-22 19:09:06] === Inicio commit-and-push ===
[2025-11-22 19:09:06] Cambios detectados:
 M docs/ESTADO.md
 M reports/current/free.txt
 M reports/current/zfs_list.txt
 M scripts/build-index.sh
 M scripts/commit-and-push.sh
 M scripts/snapshot-state.sh
 M state/main1/2025-11-22_smart.md
 T state/main1/current-state.md
 M state/main1/sync.log
?? state/main1/2025-11-22_1844-state.md
?? state/main1/2025-11-22_1850-state.md
?? state/main1/2025-11-22_1857-state.md
?? state/main1/2025-11-22_1909-state.md
?? state/main1/srv-health-weekly.log
[main e169601] auto: snapshot main1 2025-11-22 19:09
 14 files changed, 1423 insertions(+), 231 deletions(-)
 create mode 100644 state/main1/2025-11-22_1844-state.md
 create mode 100644 state/main1/2025-11-22_1850-state.md
 create mode 100644 state/main1/2025-11-22_1857-state.md
 create mode 100644 state/main1/2025-11-22_1909-state.md
 mode change 120000 => 100644 state/main1/current-state.md
 create mode 100644 state/main1/srv-health-weekly.log
[2025-11-22 19:09:06] Commit creado: auto: snapshot main1 2025-11-22 19:09
[2025-11-22 19:09:07] git push OK.
[2025-11-22 19:09:07] === Fin commit-and-push ===
[2025-11-22 19:12:09] === Inicio commit-and-push ===
[2025-11-22 19:12:09] Cambios detectados:
 M scripts/commit-and-push.sh
 M state/main1/srv-health-weekly.log
 M state/main1/sync.log
[main 7f34eb6] auto: snapshot main1 2025-11-22 19:12
 3 files changed, 20 insertions(+), 5 deletions(-)
[2025-11-22 19:12:09] Commit creado: auto: snapshot main1 2025-11-22 19:12
[2025-11-22 19:12:10] git push OK.
[2025-11-22 19:12:10] === Fin commit-and-push ===
[2025-11-22 19:12:21] === Inicio commit-and-push ===
[2025-11-22 19:12:21] Cambios detectados:
 M docs/ESTADO.md
 M state/main1/current-state.md
 M state/main1/sync.log
?? state/main1/2025-11-22_1912-state.md
[main 3b7db5b] auto: snapshot main1 2025-11-22 19:12
 4 files changed, 258 insertions(+), 6 deletions(-)
 create mode 100644 state/main1/2025-11-22_1912-state.md
[2025-11-22 19:12:21] Commit creado: auto: snapshot main1 2025-11-22 19:12
[2025-11-22 19:12:23] git push OK.
[2025-11-22 19:12:23] === Fin commit-and-push ===
[2025-11-22 20:00:02] === Inicio commit-and-push ===
[2025-11-22 20:00:02] Cambios detectados:
 M docs/ESTADO.md
 M reports/current/free.txt
 M reports/current/zfs_list.txt
 M reports/current/zpool_list.txt
 M state/main1/cron.out
 M state/main1/current-state.md
 M state/main1/sync.log
?? state/main1/2025-11-22_2000-state.md
?? state/main1/cron.backup.txt
